===== START Sat 08/01/2026 10:57:55.18 ===== 
----- flutter clean ----- 

┌─────────────────────────────────────────────────────────┐
│ A new version of Flutter is available!                  │
│                                                         │
│ To update to the latest version, run "flutter upgrade". │
└─────────────────────────────────────────────────────────┘
Deleting build...                                                   8.1s
Deleting .dart_tool...                                              35ms
Deleting .flutter-plugins-dependencies...                            1ms
----- flutter pub get ----- 
Resolving dependencies...
Downloading packages...
  _flutterfire_internals 1.3.59 (1.3.75 available)
  app_links 7.0.0 (7.2.1 available)
  app_links_platform_interface 2.0.2 (2.0.4 available)
  connectivity_plus 6.1.5 (7.3.1 available)
  firebase_auth 5.7.0 (6.5.6 available)
  firebase_auth_platform_interface 7.7.3 (9.0.5 available)
  firebase_auth_web 5.15.3 (6.2.5 available)
  firebase_core 3.15.2 (4.12.1 available)
  firebase_core_platform_interface 6.0.3 (8.0.0 available)
  firebase_core_web 2.24.1 (3.9.1 available)
  firebase_crashlytics 4.3.10 (5.2.6 available)
  firebase_crashlytics_platform_interface 3.8.10 (3.8.26 available)
  firebase_messaging 15.2.10 (16.4.3 available)
  firebase_messaging_platform_interface 4.6.10 (4.9.2 available)
  firebase_messaging_web 3.10.10 (4.2.3 available)
  fl_chart 0.69.2 (1.2.0 available)
  flutter_image_compress 2.5.0 (2.5.1 available)
  flutter_image_compress_common 1.1.0 (1.1.1 available)
  flutter_lints 4.0.0 (6.0.0 available)
  flutter_local_notifications 18.0.1 (22.2.0 available)
  flutter_local_notifications_linux 5.0.0 (8.0.1 available)
  flutter_local_notifications_platform_interface 8.0.0 (12.1.0 available)
  flutter_riverpod 2.6.1 (3.4.2 available)
  go_router 14.8.1 (17.3.0 available)
  hooks 2.0.2 (2.1.0 available)
  image 4.8.0 (4.9.1 available)
  image_picker_android 0.8.13+17 (0.8.13+19 available)
  intl 0.19.0 (0.20.3 available)
  jni 1.0.0 (1.0.3 available)
  jni_flutter 1.0.1 (1.0.2 available)
  lints 4.0.0 (6.1.0 available)
  matcher 0.12.19 (0.12.20 available)
  meta 1.17.0 (1.19.0 available)
  objective_c 9.4.1 (9.5.0 available)
  package_config 2.2.0 (3.0.0 available)
  package_info_plus 8.3.1 (10.2.1 available)
  package_info_plus_platform_interface 3.2.1 (4.1.0 available)
  pdf 3.12.0 (3.13.0 available)
  posix 6.5.0 (6.5.2 available)
  qr 3.0.2 (4.0.0 available)
  record_use 0.6.0 (1.0.0 available)
  riverpod 2.6.1 (3.4.2 available)
  share_plus 10.1.4 (13.3.0 available)
  share_plus_platform_interface 5.0.2 (7.2.0 available)
  shared_preferences_android 2.4.23 (2.4.27 available)
  sqflite 2.4.2+1 (2.4.3 available)
  sqflite_android 2.4.2+3 (2.4.3 available)
  sqflite_common 2.5.8 (2.5.11 available)
  sqflite_darwin 2.4.2 (2.4.3+1 available)
  sqflite_platform_interface 2.4.0 (2.4.1 available)
  synchronized 3.4.0+1 (3.4.1+1 available)
  test_api 0.7.10 (0.7.13 available)
  timezone 0.9.4 (0.11.1 available)
  url_launcher_android 6.3.30 (6.3.32 available)
  vector_math 2.2.0 (2.4.2 available)
  win32 5.15.0 (6.3.0 available)
  xml 6.6.1 (7.0.1 available)
Got dependencies!
57 packages have newer versions incompatible with dependency constraints.
Try `flutter pub outdated` for more information.
----- flutter analyze ----- 
Analyzing flutter_app...                                        

   info - 'anonKey' is deprecated and shouldn't be used. Use publishableKey instead. anonKey will be removed in a future major version - lib\core\config\supabase_config.dart:43:5 - deprecated_member_use
   info - Unnecessary use of double quotes - lib\features\settings\domain\settings_strings.dart:1502:13 - prefer_single_quotes
   info - Unnecessary use of double quotes - lib\features\settings\domain\settings_strings.dart:1503:14 - prefer_single_quotes
   info - Unnecessary use of double quotes - lib\features\settings\domain\settings_strings.dart:1504:12 - prefer_single_quotes
  error - The named parameter 'lang' is required, but there's no corresponding argument - test\dashboard_responsive_test.dart:135:11 - missing_required_argument
  error - The named parameter 'lang' is required, but there's no corresponding argument - test\dashboard_responsive_test.dart:141:44 - missing_required_argument
  error - The named parameter 'lang' is required, but there's no corresponding argument - test\dashboard_responsive_test.dart:171:44 - missing_required_argument
  error - The named parameter 'lang' is required, but there's no corresponding argument - test\dashboard_responsive_test.dart:176:50 - missing_required_argument
  error - The named parameter 'lang' is required, but there's no corresponding argument - test\dashboard_responsive_test.dart:187:35 - missing_required_argument
  error - The named parameter 'lang' is required, but there's no corresponding argument - test\dashboard_responsive_test.dart:192:41 - missing_required_argument
  error - The named parameter 'lang' is required, but there's no corresponding argument - test\dashboard_responsive_test.dart:217:41 - missing_required_argument

11 issues found. (ran in 158.7s)
----- flutter test ----- 
00:00 +0: loading C:/Users/erjan/OneDrive/Desktop/ASF mobile app/flutter_app/test/dashboard_responsive_test.dart
test/dashboard_responsive_test.dart:135:25: Error: Required named parameter 'lang' must be provided.
          GreetingHeader(firstName: 'Bartolome', data: data, onAdvance: () async => true),
                        ^
lib/features/dashboard/presentation/widgets/greeting_header.dart:23:9: Context: Found this candidate, but the arguments don't match.
  const GreetingHeader({super.key, required this.firstName, required this.data, required this.onAdvance, required this.lang});
        ^^^^^^^^^^^^^^
test/dashboard_responsive_test.dart:141:60: Error: Required named parameter 'lang' must be provided.
        await _pumpAt(tester, entry.value, HealthBannerCard(data: data));
                                                           ^
lib/features/dashboard/presentation/widgets/health_banner_card.dart:19:9: Context: Found this candidate, but the arguments don't match.
  const HealthBannerCard({super.key, required this.data, required this.lang});
        ^^^^^^^^^^^^^^^^
test/dashboard_responsive_test.dart:171:58: Error: Required named parameter 'lang' must be provided.
        await _pumpAt(tester, entry.value, TodayTasksCard(data: data));
                                                         ^
lib/features/dashboard/presentation/widgets/today_tasks_card.dart:31:9: Context: Found this candidate, but the arguments don't match.
  const TodayTasksCard({super.key, required this.data, required this.lang});
        ^^^^^^^^^^^^^^
test/dashboard_responsive_test.dart:176:62: Error: Required named parameter 'lang' must be provided.
        await _pumpAt(tester, entry.value, const TipOfDayCard());
                                                             ^
lib/features/dashboard/presentation/widgets/tip_of_day_card.dart:14:9: Context: Found this candidate, but the arguments don't match.
  const TipOfDayCard({super.key, required this.lang});
        ^^^^^^^^^^^^
test/dashboard_responsive_test.dart:187:49: Error: Required named parameter 'lang' must be provided.
      await _pumpAt(tester, size, GreetingHeader(firstName: null, data: empty, onAdvance: () async => true));
                                                ^
lib/features/dashboard/presentation/widgets/greeting_header.dart:23:9: Context: Found this candidate, but the arguments don't match.
  const GreetingHeader({super.key, required this.firstName, required this.data, required this.onAdvance, required this.lang});
        ^^^^^^^^^^^^^^
test/dashboard_responsive_test.dart:192:57: Error: Required named parameter 'lang' must be provided.
      await _pumpAt(tester, size, const HealthBannerCard(data: empty));
                                                        ^
lib/features/dashboard/presentation/widgets/health_banner_card.dart:19:9: Context: Found this candidate, but the arguments don't match.
  const HealthBannerCard({super.key, required this.data, required this.lang});
        ^^^^^^^^^^^^^^^^
test/dashboard_responsive_test.dart:217:55: Error: Required named parameter 'lang' must be provided.
      await _pumpAt(tester, size, const TodayTasksCard(data: empty));
                                                      ^
lib/features/dashboard/presentation/widgets/today_tasks_card.dart:31:9: Context: Found this candidate, but the arguments don't match.
  const TodayTasksCard({super.key, required this.data, required this.lang});
        ^^^^^^^^^^^^^^
00:00 +0 -1: loading C:/Users/erjan/OneDrive/Desktop/ASF mobile app/flutter_app/test/dashboard_responsive_test.dart [E]
  Failed to load "C:/Users/erjan/OneDrive/Desktop/ASF mobile app/flutter_app/test/dashboard_responsive_test.dart":
  Compilation failed for testPath=C:/Users/erjan/OneDrive/Desktop/ASF mobile app/flutter_app/test/dashboard_responsive_test.dart: test/dashboard_responsive_test.dart:135:25: Error: Required named parameter 'lang' must be provided.
            GreetingHeader(firstName: 'Bartolome', data: data, onAdvance: () async => true),
                          ^
  lib/features/dashboard/presentation/widgets/greeting_header.dart:23:9: Context: Found this candidate, but the arguments don't match.
    const GreetingHeader({super.key, required this.firstName, required this.data, required this.onAdvance, required this.lang});
          ^^^^^^^^^^^^^^
  test/dashboard_responsive_test.dart:141:60: Error: Required named parameter 'lang' must be provided.
          await _pumpAt(tester, entry.value, HealthBannerCard(data: data));
                                                             ^
  lib/features/dashboard/presentation/widgets/health_banner_card.dart:19:9: Context: Found this candidate, but the arguments don't match.
    const HealthBannerCard({super.key, required this.data, required this.lang});
          ^^^^^^^^^^^^^^^^
  test/dashboard_responsive_test.dart:171:58: Error: Required named parameter 'lang' must be provided.
          await _pumpAt(tester, entry.value, TodayTasksCard(data: data));
                                                           ^
  lib/features/dashboard/presentation/widgets/today_tasks_card.dart:31:9: Context: Found this candidate, but the arguments don't match.
    const TodayTasksCard({super.key, required this.data, required this.lang});
          ^^^^^^^^^^^^^^
  test/dashboard_responsive_test.dart:176:62: Error: Required named parameter 'lang' must be provided.
          await _pumpAt(tester, entry.value, const TipOfDayCard());
                                                               ^
  lib/features/dashboard/presentation/widgets/tip_of_day_card.dart:14:9: Context: Found this candidate, but the arguments don't match.
    const TipOfDayCard({super.key, required this.lang});
          ^^^^^^^^^^^^
  test/dashboard_responsive_test.dart:187:49: Error: Required named parameter 'lang' must be provided.
        await _pumpAt(tester, size, GreetingHeader(firstName: null, data: empty, onAdvance: () async => true));
                                                  ^
  lib/features/dashboard/presentation/widgets/greeting_header.dart:23:9: Context: Found this candidate, but the arguments don't match.
    const GreetingHeader({super.key, required this.firstName, required this.data, required this.onAdvance, required this.lang});
          ^^^^^^^^^^^^^^
  test/dashboard_responsive_test.dart:192:57: Error: Required named parameter 'lang' must be provided.
        await _pumpAt(tester, size, const HealthBannerCard(data: empty));
                                                          ^
  lib/features/dashboard/presentation/widgets/health_banner_card.dart:19:9: Context: Found this candidate, but the arguments don't match.
    const HealthBannerCard({super.key, required this.data, required this.lang});
          ^^^^^^^^^^^^^^^^
  test/dashboard_responsive_test.dart:217:55: Error: Required named parameter 'lang' must be provided.
        await _pumpAt(tester, size, const TodayTasksCard(data: empty));
                                                        ^
  lib/features/dashboard/presentation/widgets/today_tasks_card.dart:31:9: Context: Found this candidate, but the arguments don't match.
    const TodayTasksCard({super.key, required this.data, required this.lang});
          ^^^^^^^^^^^^^^
  .
  Error: The Dart compiler exited unexpectedly.
  package:flutter_tools/src/base/common.dart 34:3  throwToolExit
  package:flutter_tools/src/compile.dart 939:11    DefaultResidentCompiler._compile.<fn>
  dart:async/zone_root.dart 48:47                  _rootRunUnary
  dart:async/zone.dart 733:19                      _CustomZone.runUnary
  dart:async/future_impl.dart 948:45               Future._propagateToListeners.handleValueCallback
  dart:async/future_impl.dart 977:13               Future._propagateToListeners
  dart:async/future_impl.dart 862:9                Future._propagateToListeners
  dart:async/future_impl.dart 720:5                Future._completeWithValue
  dart:async/future_impl.dart 804:7                Future._asyncCompleteWithValue.<fn>
  dart:async/zone_root.dart 35:13                  _rootRun
  dart:async/zone.dart 726:19                      _CustomZone.run
  dart:async/zone.dart 625:7                       _CustomZone.runGuarded
  dart:async/zone.dart 666:23                      _CustomZone.bindCallbackGuarded.<fn>
  dart:async/schedule_microtask.dart 40:35         _microtaskLoop
  dart:async/schedule_microtask.dart 49:5          _startMicrotaskLoop
  dart:isolate-patch/isolate_patch.dart 127:13     _runPendingImmediateCallback
  dart:isolate-patch/isolate_patch.dart 194:5      _RawReceivePort._handleMessage
  
00:00 +0 -1: C:/Users/erjan/OneDrive/Desktop/ASF mobile app/flutter_app/test/data_integrity_test.dart: parseJsonListSafely one corrupted record among valid ones is skipped, valid entries still load
test: skipped corrupted record at index 1 — type 'String' is not a subtype of type 'num?' in type cast
#0      new HealthLogEntry.fromJson (package:asf_flutter/features/health/domain/health_calculations.dart:491:25)
#1      parseJsonListSafely (package:asf_flutter/core/database/safe_parse.dart:48:27)
#2      main.<anonymous closure>.<anonymous closure> (file:///C:/Users/erjan/OneDrive/Desktop/ASF%20mobile%20app/flutter_app/test/data_integrity_test.dart:59:22)
#3      Declarer.test.<anonymous closure>.<anonymous closure> (package:test_api/src/backend/declarer.dart:253:25)
<asynchronous suspension>
#4      Declarer.test.<anonymous closure> (package:test_api/src/backend/declarer.dart:250:11)
<asynchronous suspension>
#5      Invoker._waitForOutstandingCallbacks.<anonymous closure> (package:test_api/src/backend/invoker.dart:318:9)
<asynchronous suspension>

00:00 +1 -1: C:/Users/erjan/OneDrive/Desktop/ASF mobile app/flutter_app/test/data_integrity_test.dart: parseJsonListSafely a genuinely malformed element (not a Map at all) is skipped without throwing
test: skipped corrupted record at index 1 — type 'String' is not a subtype of type 'Map<dynamic, dynamic>' in type cast
#0      parseJsonListSafely (package:asf_flutter/core/database/safe_parse.dart:48:61)
#1      main.<anonymous closure>.<anonymous closure> (file:///C:/Users/erjan/OneDrive/Desktop/ASF%20mobile%20app/flutter_app/test/data_integrity_test.dart:86:22)
#2      Declarer.test.<anonymous closure>.<anonymous closure> (package:test_api/src/backend/declarer.dart:253:25)
<asynchronous suspension>
#3      Declarer.test.<anonymous closure> (package:test_api/src/backend/declarer.dart:250:11)
<asynchronous suspension>
#4      Invoker._waitForOutstandingCallbacks.<anonymous closure> (package:test_api/src/backend/invoker.dart:318:9)
<asynchronous suspension>

test: skipped corrupted record at index 2 — type 'int' is not a subtype of type 'Map<dynamic, dynamic>' in type cast
#0      parseJsonListSafely (package:asf_flutter/core/database/safe_parse.dart:48:61)
#1      main.<anonymous closure>.<anonymous closure> (file:///C:/Users/erjan/OneDrive/Desktop/ASF%20mobile%20app/flutter_app/test/data_integrity_test.dart:86:22)
#2      Declarer.test.<anonymous closure>.<anonymous closure> (package:test_api/src/backend/declarer.dart:253:25)
<asynchronous suspension>
#3      Declarer.test.<anonymous closure> (package:test_api/src/backend/declarer.dart:250:11)
<asynchronous suspension>
#4      Invoker._waitForOutstandingCallbacks.<anonymous closure> (package:test_api/src/backend/invoker.dart:318:9)
<asynchronous suspension>

test: skipped corrupted record at index 3 — type 'Null' is not a subtype of type 'Map<dynamic, dynamic>' in type cast
#0      parseJsonListSafely (package:asf_flutter/core/database/safe_parse.dart:48:61)
#1      main.<anonymous closure>.<anonymous closure> (file:///C:/Users/erjan/OneDrive/Desktop/ASF%20mobile%20app/flutter_app/test/data_integrity_test.dart:86:22)
#2      Declarer.test.<anonymous closure>.<anonymous closure> (package:test_api/src/backend/declarer.dart:253:25)
<asynchronous suspension>
#3      Declarer.test.<anonymous closure> (package:test_api/src/backend/declarer.dart:250:11)
<asynchronous suspension>
#4      Invoker._waitForOutstandingCallbacks.<anonymous closure> (package:test_api/src/backend/invoker.dart:318:9)
<asynchronous suspension>

00:00 +2 -1: C:/Users/erjan/OneDrive/Desktop/ASF mobile app/flutter_app/test/data_integrity_test.dart: parseJsonListSafely completely empty database (null) returns an empty list, not an error
00:00 +3 -1: C:/Users/erjan/OneDrive/Desktop/ASF mobile app/flutter_app/test/data_integrity_test.dart: parseJsonListSafely an empty list returns an empty list
00:00 +4 -1: C:/Users/erjan/OneDrive/Desktop/ASF mobile app/flutter_app/test/data_integrity_test.dart: parseJsonListSafely legacy observations missing new severity-count fields still load (not skipped)
00:00 +5 -1: C:/Users/erjan/OneDrive/Desktop/ASF mobile app/flutter_app/test/data_integrity_test.dart: parseJsonListSafely an invalid/unknown status string falls back to healthy instead of being skipped
00:00 +6 -1: C:/Users/erjan/OneDrive/Desktop/ASF mobile app/flutter_app/test/data_integrity_test.dart: parseJsonObjectSafely corrupted draft recovery: a malformed draft row returns null rather than throwing
test: skipped a corrupted record — type 'String' is not a subtype of type 'Map<dynamic, dynamic>' in type cast
#0      parseJsonObjectSafely (package:asf_flutter/core/database/safe_parse.dart:102:51)
#1      main.<anonymous closure>.<anonymous closure> (file:///C:/Users/erjan/OneDrive/Desktop/ASF%20mobile%20app/flutter_app/test/data_integrity_test.dart:148:21)
#2      Declarer.test.<anonymous closure>.<anonymous closure> (package:test_api/src/backend/declarer.dart:253:25)
<asynchronous suspension>
#3      Declarer.test.<anonymous closure> (package:test_api/src/backend/declarer.dart:250:11)
<asynchronous suspension>
#4      Invoker._waitForOutstandingCallbacks.<anonymous closure> (package:test_api/src/backend/invoker.dart:318:9)
<asynchronous suspension>

00:00 +7 -1: C:/Users/erjan/OneDrive/Desktop/ASF mobile app/flutter_app/test/data_integrity_test.dart: parseJsonObjectSafely valid draft data parses normally
00:00 +8 -1: C:/Users/erjan/OneDrive/Desktop/ASF mobile app/flutter_app/test/data_integrity_test.dart: parseJsonObjectSafely null (no draft saved) returns null
00:00 +9 -1: C:/Users/erjan/OneDrive/Desktop/ASF mobile app/flutter_app/test/health_calculations_test.dart: computeHealthAssessment — status reachability Healthy: all-normal selections plus healthy physical indicators
00:00 +9 -1: C:/Users/erjan/OneDrive/Desktop/ASF mobile app/flutter_app/test/data_integrity_test.dart: parseJsonObjectSafely corrupted vet contact recovery: a malformed row returns null rather than throwing
test: skipped a corrupted record — type 'int' is not a subtype of type 'Map<dynamic, dynamic>' in type cast
#0      parseJsonObjectSafely (package:asf_flutter/core/database/safe_parse.dart:102:51)
#1      main.<anonymous closure>.<anonymous closure> (file:///C:/Users/erjan/OneDrive/Desktop/ASF%20mobile%20app/flutter_app/test/data_integrity_test.dart:168:23)
#2      Declarer.test.<anonymous closure>.<anonymous closure> (package:test_api/src/backend/declarer.dart:253:25)
<asynchronous suspension>
#3      Declarer.test.<anonymous closure> (package:test_api/src/backend/declarer.dart:250:11)
<asynchronous suspension>
#4      Invoker._waitForOutstandingCallbacks.<anonymous closure> (package:test_api/src/backend/invoker.dart:318:9)
<asynchronous suspension>

00:00 +10 -1: C:/Users/erjan/OneDrive/Desktop/ASF mobile app/flutter_app/test/health_calculations_test.dart: computeHealthAssessment — status reachability Healthy: all-normal selections plus healthy physical indicators
00:00 +11 -1: C:/Users/erjan/OneDrive/Desktop/ASF mobile app/flutter_app/test/data_integrity_test.dart: parseJsonObjectSafely valid vet contact data parses normally
00:00 +12 -1: C:/Users/erjan/OneDrive/Desktop/ASF mobile app/flutter_app/test/health_calculations_test.dart: computeHealthAssessment — status reachability Needs Monitoring: several tier-1 observations, nothing worse
00:00 +13 -1: C:/Users/erjan/OneDrive/Desktop/ASF mobile app/flutter_app/test/data_integrity_test.dart: mapSafely skips an element whose parse callback throws, keeps the rest
test: skipped corrupted record at index 2 — IntegerDivisionByZeroException
#0      int.~/ (dart:core-patch/integers.dart:27:7)
#1      main.<anonymous closure>.<anonymous closure>.<anonymous closure> (file:///C:/Users/erjan/OneDrive/Desktop/ASF%20mobile%20app/flutter_app/test/data_integrity_test.dart:186:50)
#2      mapSafely (package:asf_flutter/core/database/safe_parse.dart:82:24)
#3      main.<anonymous closure>.<anonymous closure> (file:///C:/Users/erjan/OneDrive/Desktop/ASF%20mobile%20app/flutter_app/test/data_integrity_test.dart:186:22)
#4      Declarer.test.<anonymous closure>.<anonymous closure> (package:test_api/src/backend/declarer.dart:253:25)
00:00 +14 -1: C:/Users/erjan/OneDrive/Desktop/ASF mobile app/flutter_app/test/data_integrity_test.dart: mapSafely skips an element whose parse callback throws, keeps the rest
<asynchronous suspension>
#5      Declarer.test.<anonymous closure> (package:test_api/src/backend/declarer.dart:250:11)
<asynchronous suspension>
#6      Invoker._waitForOutstandingCallbacks.<anonymous closure> (package:test_api/src/backend/invoker.dart:318:9)
<asynchronous suspension>

00:00 +15 -1: C:/Users/erjan/OneDrive/Desktop/ASF mobile app/flutter_app/test/health_calculations_test.dart: computeHealthAssessment — status reachability At Risk: severity score alone crosses the At-Risk threshold
00:00 +16 -1: C:/Users/erjan/OneDrive/Desktop/ASF mobile app/flutter_app/test/data_integrity_test.dart: validateHealthLogEntry — pre-save validation gate a well-formed entry passes validation
00:00 +17 -1: C:/Users/erjan/OneDrive/Desktop/ASF mobile app/flutter_app/test/data_integrity_test.dart: validateHealthLogEntry — pre-save validation gate a well-formed entry passes validation
00:00 +18 -1: C:/Users/erjan/OneDrive/Desktop/ASF mobile app/flutter_app/test/data_integrity_test.dart: validateHealthLogEntry — pre-save validation gate a well-formed entry passes validation
00:00 +19 -1: C:/Users/erjan/OneDrive/Desktop/ASF mobile app/flutter_app/test/health_calculations_test.dart: computeHealthAssessment — status reachability Critical: a named Emergency symptom in Behavior also always wins
00:00 +20 -1: C:/Users/erjan/OneDrive/Desktop/ASF mobile app/flutter_app/test/data_integrity_test.dart: validateHealthLogEntry — pre-save validation gate rejects a non-positive production day
00:00 +21 -1: C:/Users/erjan/OneDrive/Desktop/ASF mobile app/flutter_app/test/health_calculations_test.dart: computeHealthAssessment — status reachability Critical: two generic (non-Emergency) Critical-severity symptoms
00:00 +22 -1: C:/Users/erjan/OneDrive/Desktop/ASF mobile app/flutter_app/test/data_integrity_test.dart: validateHealthLogEntry — pre-save validation gate rejects an invalid timestamp
00:00 +23 -1: C:/Users/erjan/OneDrive/Desktop/ASF mobile app/flutter_app/test/health_calculations_test.dart: computeHealthAssessment — status reachability Critical: one generic Critical-severity symptom plus two At-Risk symptoms
00:00 +24 -1: C:/Users/erjan/OneDrive/Desktop/ASF mobile app/flutter_app/test/data_integrity_test.dart: validateHealthLogEntry — pre-save validation gate rejects negative severity counts
00:00 +25 -1: C:/Users/erjan/OneDrive/Desktop/ASF mobile app/flutter_app/test/health_calculations_test.dart: computeHealthAssessment — status reachability Critical: total severity score alone crosses the Critical threshold
00:00 +26 -1: C:/Users/erjan/OneDrive/Desktop/ASF mobile app/flutter_app/test/data_integrity_test.dart: validateHealthLogEntry — pre-save validation gate rejects a physical symptom list with duplicates
00:00 +27 -1: C:/Users/erjan/OneDrive/Desktop/ASF mobile app/flutter_app/test/data_integrity_test.dart: validateHealthLogEntry — pre-save validation gate rejects a physical symptom list with duplicates
00:00 +28 -1: C:/Users/erjan/OneDrive/Desktop/ASF mobile app/flutter_app/test/health_calculations_test.dart: computeHealthAssessment — status reachability A single Critical-tier (non-Emergency) symptom alone floors at least to At Risk
00:00 +29 -1: C:/Users/erjan/OneDrive/Desktop/ASF mobile app/flutter_app/test/data_integrity_test.dart: validateHealthLogEntry — pre-save validation gate rejects a blank required field
00:00 +30 -1: C:/Users/erjan/OneDrive/Desktop/ASF mobile app/flutter_app/test/health_calculations_test.dart: kEmergencySymptomKeys sanity every emergency key resolves to a real, tier-3 option somewhere in the option lists
00:00 +31 -1: C:/Users/erjan/OneDrive/Desktop/ASF mobile app/flutter_app/test/health_calculations_test.dart: computeHealthStatus (thin wrapper) returns the same status as computeHealthAssessment
00:00 +32 -1: C:/Users/erjan/OneDrive/Desktop/ASF mobile app/flutter_app/test/health_calculations_test.dart: computeDigestiveTip fires when waste is loose and appetite is reduced
00:00 +33 -1: C:/Users/erjan/OneDrive/Desktop/ASF mobile app/flutter_app/test/health_calculations_test.dart: computeDigestiveTip does not fire when appetite is normal
00:00 +34 -1: C:/Users/erjan/OneDrive/Desktop/ASF mobile app/flutter_app/test/health_calculations_test.dart: HealthLogEntry JSON round-trip toJson/fromJson preserves every persisted field, including the severity counts
00:00 +35 -1: C:/Users/erjan/OneDrive/Desktop/ASF mobile app/flutter_app/test/health_calculations_test.dart: HealthLogEntry JSON round-trip fromJson tolerates a legacy single-string "physical" value
00:00 +36 -1: C:/Users/erjan/OneDrive/Desktop/ASF mobile app/flutter_app/test/health_calculations_test.dart: HealthLogEntry JSON round-trip fromJson defaults missing severity-count fields to zero rather than throwing
00:00 +37 -1: C:/Users/erjan/OneDrive/Desktop/ASF mobile app/flutter_app/test/health_translation_test.dart: Stage 1 — option catalogs are non-empty with the exact expected counts kBehaviorOptions has exactly 5 items
00:00 +38 -1: C:/Users/erjan/OneDrive/Desktop/ASF mobile app/flutter_app/test/health_translation_test.dart: Stage 1 — option catalogs are non-empty with the exact expected counts kAppetiteOptions has exactly 4 items
00:00 +39 -1: C:/Users/erjan/OneDrive/Desktop/ASF mobile app/flutter_app/test/health_translation_test.dart: Stage 1 — option catalogs are non-empty with the exact expected counts kPhysicalOptions has exactly 24 items, split 6/7/6/5 across tiers
00:00 +40 -1: C:/Users/erjan/OneDrive/Desktop/ASF mobile app/flutter_app/test/health_translation_test.dart: Stage 1 — option catalogs are non-empty with the exact expected counts kWasteOptions has exactly 5 items
00:00 +41 -1: C:/Users/erjan/OneDrive/Desktop/ASF mobile app/flutter_app/test/health_translation_test.dart: Stage 1 — option catalogs are non-empty with the exact expected counts no option in any catalog has a blank key, icon, or label
00:00 +42 -1: C:/Users/erjan/OneDrive/Desktop/ASF mobile app/flutter_app/test/health_translation_test.dart: healthTranslationCoverageGaps — every option has a Filipino entry reports zero gaps across all four categories
00:00 +43 -1: C:/Users/erjan/OneDrive/Desktop/ASF mobile app/flutter_app/test/health_translation_test.dart: healthTranslationCoverageGaps — every option has a Filipino entry every kBehaviorOptions key round-trips through healthOptionLabel
00:00 +44 -1: C:/Users/erjan/OneDrive/Desktop/ASF mobile app/flutter_app/test/health_translation_test.dart: healthTranslationCoverageGaps — every option has a Filipino entry every kAppetiteOptions key round-trips through healthOptionLabel
00:00 +45 -1: C:/Users/erjan/OneDrive/Desktop/ASF mobile app/flutter_app/test/health_translation_test.dart: healthTranslationCoverageGaps — every option has a Filipino entry every kPhysicalOptions key round-trips through healthOptionLabel
00:00 +46 -1: C:/Users/erjan/OneDrive/Desktop/ASF mobile app/flutter_app/test/health_translation_test.dart: healthTranslationCoverageGaps — every option has a Filipino entry every kWasteOptions key round-trips through healthOptionLabel
00:00 +47 -1: C:/Users/erjan/OneDrive/Desktop/ASF mobile app/flutter_app/test/health_translation_test.dart: healthOptionLabel — English always returns the canonical label unchanged English never reads from the Filipino dictionaries
00:00 +48 -1: C:/Users/erjan/OneDrive/Desktop/ASF mobile app/flutter_app/test/health_translation_test.dart: healthOptionLabel — English always returns the canonical label unchanged an unrecognized key/category falls back to the given label, never throws
00:00 +49 -1: C:/Users/erjan/OneDrive/Desktop/ASF mobile app/flutter_app/test/health_translation_test.dart: healthOptionLabel — locked-down Filipino strings matches the examples given for this feature
00:00 +50 -1: C:/Users/erjan/OneDrive/Desktop/ASF mobile app/flutter_app/test/health_translation_test.dart: healthOptionSubtitle translates the three options that carry a subtitle
00:00 +51 -1: C:/Users/erjan/OneDrive/Desktop/ASF mobile app/flutter_app/test/health_translation_test.dart: healthOptionSubtitle an empty fallback subtitle stays empty regardless of language
00:00 +52 -1: C:/Users/erjan/OneDrive/Desktop/ASF mobile app/flutter_app/test/health_translation_test.dart: healthOptionSubtitle English always returns the given subtitle unchanged
00:00 +53 -1: C:/Users/erjan/OneDrive/Desktop/ASF mobile app/flutter_app/test/health_translation_test.dart: healthStatusLabel — Overall Status badge translation English returns the same text as kHealthStatusMeta
00:00 +54 -1: C:/Users/erjan/OneDrive/Desktop/ASF mobile app/flutter_app/test/health_translation_test.dart: healthStatusLabel — Overall Status badge translation Filipino returns a distinct, non-empty string for every status
00:00 +55 -1: C:/Users/erjan/OneDrive/Desktop/ASF mobile app/flutter_app/test/health_translation_test.dart: healthStatusLabel — Overall Status badge translation reuses the existing Severity Counts / Physical section Filipino wording (no duplicate translations)
00:00 +56 -1: C:/Users/erjan/OneDrive/Desktop/ASF mobile app/flutter_app/test/health_translation_test.dart: tr() — screen chrome keys used by the Health Monitor form/history every used key exists in both English and Filipino, distinct from the raw key
00:00 +57 -1: C:/Users/erjan/OneDrive/Desktop/ASF mobile app/flutter_app/test/health_translation_widget_test.dart: switching appLanguageProvider re-renders every label in place, no restart
00:01 +58 -1: C:/Users/erjan/OneDrive/Desktop/ASF mobile app/flutter_app/test/health_translation_widget_test.dart: switching appLanguageProvider re-renders every label in place, no restart
00:01 +59 -1: C:/Users/erjan/OneDrive/Desktop/ASF mobile app/flutter_app/test/health_translation_widget_test.dart: switching appLanguageProvider re-renders every label in place, no restart
00:01 +60 -1: C:/Users/erjan/OneDrive/Desktop/ASF mobile app/flutter_app/test/health_translation_widget_test.dart: switching appLanguageProvider re-renders every label in place, no restart
00:01 +61 -1: C:/Users/erjan/OneDrive/Desktop/ASF mobile app/flutter_app/test/health_translation_widget_test.dart: switching appLanguageProvider re-renders every label in place, no restart
00:01 +62 -1: C:/Users/erjan/OneDrive/Desktop/ASF mobile app/flutter_app/test/health_translation_widget_test.dart: switching appLanguageProvider re-renders every label in place, no restart
00:01 +63 -1: C:/Users/erjan/OneDrive/Desktop/ASF mobile app/flutter_app/test/health_translation_widget_test.dart: switching appLanguageProvider re-renders every label in place, no restart
00:01 +64 -1: C:/Users/erjan/OneDrive/Desktop/ASF mobile app/flutter_app/test/health_translation_widget_test.dart: switching appLanguageProvider re-renders every label in place, no restart
00:01 +65 -1: C:/Users/erjan/OneDrive/Desktop/ASF mobile app/flutter_app/test/health_translation_widget_test.dart: switching appLanguageProvider re-renders every label in place, no restart
00:01 +66 -1: C:/Users/erjan/OneDrive/Desktop/ASF mobile app/flutter_app/test/health_translation_widget_test.dart: switching appLanguageProvider re-renders every label in place, no restart
00:01 +67 -1: C:/Users/erjan/OneDrive/Desktop/ASF mobile app/flutter_app/test/health_translation_widget_test.dart: switching appLanguageProvider re-renders every label in place, no restart
00:01 +68 -1: C:/Users/erjan/OneDrive/Desktop/ASF mobile app/flutter_app/test/health_translation_widget_test.dart: switching appLanguageProvider re-renders every label in place, no restart
00:01 +69 -1: C:/Users/erjan/OneDrive/Desktop/ASF mobile app/flutter_app/test/health_translation_widget_test.dart: switching appLanguageProvider re-renders every label in place, no restart
00:01 +70 -1: C:/Users/erjan/OneDrive/Desktop/ASF mobile app/flutter_app/test/health_translation_widget_test.dart: switching appLanguageProvider re-renders every label in place, no restart
00:01 +71 -1: C:/Users/erjan/OneDrive/Desktop/ASF mobile app/flutter_app/test/health_translation_widget_test.dart: switching appLanguageProvider re-renders every label in place, no restart
00:01 +72 -1: C:/Users/erjan/OneDrive/Desktop/ASF mobile app/flutter_app/test/health_translation_widget_test.dart: switching appLanguageProvider re-renders every label in place, no restart
00:01 +73 -1: C:/Users/erjan/OneDrive/Desktop/ASF mobile app/flutter_app/test/health_translation_widget_test.dart: switching appLanguageProvider re-renders every label in place, no restart
00:01 +74 -1: C:/Users/erjan/OneDrive/Desktop/ASF mobile app/flutter_app/test/health_translation_widget_test.dart: switching appLanguageProvider re-renders every label in place, no restart
00:01 +75 -1: C:/Users/erjan/OneDrive/Desktop/ASF mobile app/flutter_app/test/health_translation_widget_test.dart: switching appLanguageProvider re-renders every label in place, no restart
00:01 +76 -1: C:/Users/erjan/OneDrive/Desktop/ASF mobile app/flutter_app/test/health_translation_widget_test.dart: switching appLanguageProvider re-renders every label in place, no restart
00:01 +77 -1: C:/Users/erjan/OneDrive/Desktop/ASF mobile app/flutter_app/test/health_translation_widget_test.dart: switching appLanguageProvider re-renders every label in place, no restart
00:01 +78 -1: C:/Users/erjan/OneDrive/Desktop/ASF mobile app/flutter_app/test/health_translation_widget_test.dart: switching appLanguageProvider re-renders every label in place, no restart
00:01 +79 -1: C:/Users/erjan/OneDrive/Desktop/ASF mobile app/flutter_app/test/health_translation_widget_test.dart: switching appLanguageProvider re-renders every label in place, no restart
00:01 +80 -1: Some tests failed.
----- flutter build apk --release --split-per-abi ----- 
Running Gradle task 'assembleRelease'...                        
Warning: SDK processing. This version only understands SDK XML versions up to 3 but an SDK XML file of version 4 was encountered. This can happen if you use versions of Android Studio and the command-line tools that were released at different times.
Expected to find fonts for (MaterialIcons, packages/cupertino_icons/CupertinoIcons), but found (MaterialIcons). This usually means you are referring to font families in an IconData class but not including them in the assets section of your pubspec.yaml, are missing the package that would include them, or are missing "uses-material-design: true".
Font asset "MaterialIcons-Regular.otf" was tree-shaken, reducing it from 1645184 to 13852 bytes (99.2% reduction). Tree-shaking can be disabled by providing the --no-tree-shake-icons flag when building your app.
Note: Some input files use or override a deprecated API.
Note: Recompile with -Xlint:deprecation for details.
warning: [options] source value 8 is obsolete and will be removed in a future release
warning: [options] target value 8 is obsolete and will be removed in a future release
warning: [options] To suppress warnings about obsolete options, use -Xlint:-options.
3 warnings
Note: C:\Users\erjan\AppData\Local\Pub\Cache\hosted\pub.dev\flutter_image_compress_common-1.1.0\android\src\main\kotlin\com\fluttercandies\flutter_image_compress\exif\ExifKeeper.java uses or overrides a deprecated API.
Note: Recompile with -Xlint:deprecation for details.
Running Gradle task 'assembleRelease'...                          296.1s
√ Built build\app\outputs\flutter-apk\app-armeabi-v7a-release.apk (21.2MB)
√ Built build\app\outputs\flutter-apk\app-arm64-v8a-release.apk (23.2MB)
√ Built build\app\outputs\flutter-apk\app-x86_64-release.apk (24.6MB)
===== DONE Sat 08/01/2026 11:06:28.74 ===== 
