===== START Sat 08/01/2026 11:07:44.44 ===== 
----- flutter analyze ----- 
Analyzing flutter_app...                                        

   info - 'anonKey' is deprecated and shouldn't be used. Use publishableKey instead. anonKey will be removed in a future major version - lib\core\config\supabase_config.dart:43:5 - deprecated_member_use

1 issue found. (ran in 23.1s)
----- flutter test ----- 
00:00 +0: loading C:/Users/erjan/OneDrive/Desktop/ASF mobile app/flutter_app/test/dashboard_responsive_test.dart
00:00 +0: C:/Users/erjan/OneDrive/Desktop/ASF mobile app/flutter_app/test/dashboard_responsive_test.dart: small (320×568 — e.g. iPhone SE / small Android) GreetingHeader renders with no overflow
00:00 +0: C:/Users/erjan/OneDrive/Desktop/ASF mobile app/flutter_app/test/data_integrity_test.dart: parseJsonListSafely one corrupted record among valid ones is skipped, valid entries still load
test: skipped corrupted record at index 1 — type 'String' is not a subtype of type 'num?' in type cast
#0      new HealthLogEntry.fromJson (package:asf_flutter/features/health/domain/health_calculations.dart:491:25)
#1      parseJsonListSafely (package:asf_flutter/core/database/safe_parse.dart:48:27)
#2      main.<anonymous closure>.<anonymous closure> (file:///C:/Users/erjan/OneDrive/Desktop/ASF%20mobile%20app/flutter_app/test/data_integrity_test.dart:59:22)
#3      Declarer.test.<anonymous closure>.<anonymous closure> (package:test_api/src/backend/declarer.dart:253:25)
<asynchronous suspension>
#4      Declarer.test.<anonymous closure> (package:test_api/src/backend/declarer.dart:250:11)
<asynchronous suspension>
#5      Invoker._waitForOutstandingCallbacks.<anonymous closure> (package:test_api/src/backend/invoker.dart:318:9)
<asynchronous suspension>

00:00 +1: C:/Users/erjan/OneDrive/Desktop/ASF mobile app/flutter_app/test/dashboard_responsive_test.dart: small (320×568 — e.g. iPhone SE / small Android) GreetingHeader renders with no overflow
00:00 +1: C:/Users/erjan/OneDrive/Desktop/ASF mobile app/flutter_app/test/data_integrity_test.dart: parseJsonListSafely a genuinely malformed element (not a Map at all) is skipped without throwing
test: skipped corrupted record at index 1 — type 'String' is not a subtype of type 'Map<dynamic, dynamic>' in type cast
#0      parseJsonListSafely (package:asf_flutter/core/database/safe_parse.dart:48:61)
#1      main.<anonymous closure>.<anonymous closure> (file:///C:/Users/erjan/OneDrive/Desktop/ASF%20mobile%20app/flutter_app/test/data_integrity_test.dart:86:22)
#2      Declarer.test.<anonymous closure>.<anonymous closure> (package:test_api/src/backend/declarer.dart:253:25)
<asynchronous suspension>
#3      Declarer.test.<anonymous closure> (package:test_api/src/backend/declarer.dart:250:11)
<asynchronous suspension>
#4      Invoker._waitForOutstandingCallbacks.<anonymous closure> (package:test_api/src/backend/invoker.dart:318:9)
<asynchronous suspension>

test: skipped corrupted record at index 2 — type 'int' is not a subtype of type 'Map<dynamic, dynamic>' in type cast
#0      parseJsonListSafely (package:asf_flutter/core/database/safe_parse.dart:48:61)
#1      main.<anonymous closure>.<anonymous closure> (file:///C:/Users/erjan/OneDrive/Desktop/ASF%20mobile%20app/flutter_app/test/data_integrity_test.dart:86:22)
#2      Declarer.test.<anonymous closure>.<anonymous closure> (package:test_api/src/backend/declarer.dart:253:25)
<asynchronous suspension>
#3      Declarer.test.<anonymous closure> (package:test_api/src/backend/declarer.dart:250:11)
<asynchronous suspension>
#4      Invoker._waitForOutstandingCallbacks.<anonymous closure> (package:test_api/src/backend/invoker.dart:318:9)
<asynchronous suspension>

test: skipped corrupted record at index 3 — type 'Null' is not a subtype of type 'Map<dynamic, dynamic>' in type cast
#0      parseJsonListSafely (package:asf_flutter/core/database/safe_parse.dart:48:61)
#1      main.<anonymous closure>.<anonymous closure> (file:///C:/Users/erjan/OneDrive/Desktop/ASF%20mobile%20app/flutter_app/test/data_integrity_test.dart:86:22)
#2      Declarer.test.<anonymous closure>.<anonymous closure> (package:test_api/src/backend/declarer.dart:253:25)
<asynchronous suspension>
#3      Declarer.test.<anonymous closure> (package:test_api/src/backend/declarer.dart:250:11)
<asynchronous suspension>
#4      Invoker._waitForOutstandingCallbacks.<anonymous closure> (package:test_api/src/backend/invoker.dart:318:9)
<asynchronous suspension>

00:00 +2: C:/Users/erjan/OneDrive/Desktop/ASF mobile app/flutter_app/test/dashboard_responsive_test.dart: small (320×568 — e.g. iPhone SE / small Android) GreetingHeader renders with no overflow
00:00 +3: C:/Users/erjan/OneDrive/Desktop/ASF mobile app/flutter_app/test/dashboard_responsive_test.dart: small (320×568 — e.g. iPhone SE / small Android) GreetingHeader renders with no overflow
00:00 +4: C:/Users/erjan/OneDrive/Desktop/ASF mobile app/flutter_app/test/dashboard_responsive_test.dart: small (320×568 — e.g. iPhone SE / small Android) GreetingHeader renders with no overflow
00:00 +5: C:/Users/erjan/OneDrive/Desktop/ASF mobile app/flutter_app/test/dashboard_responsive_test.dart: small (320×568 — e.g. iPhone SE / small Android) GreetingHeader renders with no overflow
00:00 +6: C:/Users/erjan/OneDrive/Desktop/ASF mobile app/flutter_app/test/dashboard_responsive_test.dart: small (320×568 — e.g. iPhone SE / small Android) GreetingHeader renders with no overflow
00:00 +6: C:/Users/erjan/OneDrive/Desktop/ASF mobile app/flutter_app/test/data_integrity_test.dart: parseJsonObjectSafely corrupted draft recovery: a malformed draft row returns null rather than throwing
test: skipped a corrupted record — type 'String' is not a subtype of type 'Map<dynamic, dynamic>' in type cast
#0      parseJsonObjectSafely (package:asf_flutter/core/database/safe_parse.dart:102:51)
#1      main.<anonymous closure>.<anonymous closure> (file:///C:/Users/erjan/OneDrive/Desktop/ASF%20mobile%20app/flutter_app/test/data_integrity_test.dart:148:21)
#2      Declarer.test.<anonymous closure>.<anonymous closure> (package:test_api/src/backend/declarer.dart:253:25)
<asynchronous suspension>
#3      Declarer.test.<anonymous closure> (package:test_api/src/backend/declarer.dart:250:11)
<asynchronous suspension>
#4      Invoker._waitForOutstandingCallbacks.<anonymous closure> (package:test_api/src/backend/invoker.dart:318:9)
<asynchronous suspension>

00:00 +7: C:/Users/erjan/OneDrive/Desktop/ASF mobile app/flutter_app/test/dashboard_responsive_test.dart: small (320×568 — e.g. iPhone SE / small Android) GreetingHeader renders with no overflow
00:00 +8: C:/Users/erjan/OneDrive/Desktop/ASF mobile app/flutter_app/test/dashboard_responsive_test.dart: small (320×568 — e.g. iPhone SE / small Android) GreetingHeader renders with no overflow
00:00 +9: C:/Users/erjan/OneDrive/Desktop/ASF mobile app/flutter_app/test/dashboard_responsive_test.dart: small (320×568 — e.g. iPhone SE / small Android) GreetingHeader renders with no overflow
00:00 +9: C:/Users/erjan/OneDrive/Desktop/ASF mobile app/flutter_app/test/data_integrity_test.dart: parseJsonObjectSafely corrupted vet contact recovery: a malformed row returns null rather than throwing
test: skipped a corrupted record — type 'int' is not a subtype of type 'Map<dynamic, dynamic>' in type cast
#0      parseJsonObjectSafely (package:asf_flutter/core/database/safe_parse.dart:102:51)
#1      main.<anonymous closure>.<anonymous closure> (file:///C:/Users/erjan/OneDrive/Desktop/ASF%20mobile%20app/flutter_app/test/data_integrity_test.dart:168:23)
#2      Declarer.test.<anonymous closure>.<anonymous closure> (package:test_api/src/backend/declarer.dart:253:25)
<asynchronous suspension>
#3      Declarer.test.<anonymous closure> (package:test_api/src/backend/declarer.dart:250:11)
<asynchronous suspension>
#4      Invoker._waitForOutstandingCallbacks.<anonymous closure> (package:test_api/src/backend/invoker.dart:318:9)
<asynchronous suspension>

00:00 +10: C:/Users/erjan/OneDrive/Desktop/ASF mobile app/flutter_app/test/dashboard_responsive_test.dart: small (320×568 — e.g. iPhone SE / small Android) GreetingHeader renders with no overflow
00:00 +11: C:/Users/erjan/OneDrive/Desktop/ASF mobile app/flutter_app/test/dashboard_responsive_test.dart: small (320×568 — e.g. iPhone SE / small Android) GreetingHeader renders with no overflow
00:00 +11: C:/Users/erjan/OneDrive/Desktop/ASF mobile app/flutter_app/test/data_integrity_test.dart: mapSafely skips an element whose parse callback throws, keeps the rest
test: skipped corrupted record at index 2 — IntegerDivisionByZeroException
#0      int.~/ (dart:core-patch/integers.dart:27:7)
#1      main.<anonymous closure>.<anonymous closure>.<anonymous closure> (file:///C:/Users/erjan/OneDrive/Desktop/ASF%20mobile%20app/flutter_app/test/data_integrity_test.dart:186:50)
#2      mapSafely (package:asf_flutter/core/database/safe_parse.dart:82:24)
#3      main.<anonymous closure>.<anonymous closure> (file:///C:/Users/erjan/OneDrive/Desktop/ASF%20mobile%20app/flutter_app/test/data_integrity_test.dart:186:22)
#4      Declarer.test.<anonymous closure>.<anonymous closure> (package:test_api/src/backend/declarer.dart:253:25)
<asynchronous suspension>
#5      Declarer.test.<anonymous closure> (package:test_api/src/backend/declarer.dart:250:11)
<asynchronous suspension>
#6      Invoker._waitForOutstandingCallbacks.<anonymous closure> (package:test_api/src/backend/invoker.dart:318:9)
<asynchronous suspension>

00:00 +12: C:/Users/erjan/OneDrive/Desktop/ASF mobile app/flutter_app/test/dashboard_responsive_test.dart: small (320×568 — e.g. iPhone SE / small Android) GreetingHeader renders with no overflow
00:00 +13: C:/Users/erjan/OneDrive/Desktop/ASF mobile app/flutter_app/test/dashboard_responsive_test.dart: small (320×568 — e.g. iPhone SE / small Android) GreetingHeader renders with no overflow
00:00 +14: C:/Users/erjan/OneDrive/Desktop/ASF mobile app/flutter_app/test/dashboard_responsive_test.dart: small (320×568 — e.g. iPhone SE / small Android) GreetingHeader renders with no overflow
00:00 +15: C:/Users/erjan/OneDrive/Desktop/ASF mobile app/flutter_app/test/dashboard_responsive_test.dart: small (320×568 — e.g. iPhone SE / small Android) GreetingHeader renders with no overflow
00:00 +16: C:/Users/erjan/OneDrive/Desktop/ASF mobile app/flutter_app/test/dashboard_responsive_test.dart: small (320×568 — e.g. iPhone SE / small Android) GreetingHeader renders with no overflow
00:00 +17: C:/Users/erjan/OneDrive/Desktop/ASF mobile app/flutter_app/test/dashboard_responsive_test.dart: small (320×568 — e.g. iPhone SE / small Android) GreetingHeader renders with no overflow
00:00 +18: C:/Users/erjan/OneDrive/Desktop/ASF mobile app/flutter_app/test/dashboard_responsive_test.dart: small (320×568 — e.g. iPhone SE / small Android) GreetingHeader renders with no overflow
00:01 +19: C:/Users/erjan/OneDrive/Desktop/ASF mobile app/flutter_app/test/dashboard_responsive_test.dart: small (320×568 — e.g. iPhone SE / small Android) GreetingHeader renders with no overflow
00:01 +20: C:/Users/erjan/OneDrive/Desktop/ASF mobile app/flutter_app/test/dashboard_responsive_test.dart: small (320×568 — e.g. iPhone SE / small Android) GreetingHeader renders with no overflow
00:01 +21: C:/Users/erjan/OneDrive/Desktop/ASF mobile app/flutter_app/test/dashboard_responsive_test.dart: small (320×568 — e.g. iPhone SE / small Android) GreetingHeader renders with no overflow
00:01 +22: C:/Users/erjan/OneDrive/Desktop/ASF mobile app/flutter_app/test/dashboard_responsive_test.dart: small (320×568 — e.g. iPhone SE / small Android) GreetingHeader renders with no overflow
00:01 +23: C:/Users/erjan/OneDrive/Desktop/ASF mobile app/flutter_app/test/dashboard_responsive_test.dart: small (320×568 — e.g. iPhone SE / small Android) GreetingHeader renders with no overflow
00:01 +24: C:/Users/erjan/OneDrive/Desktop/ASF mobile app/flutter_app/test/dashboard_responsive_test.dart: small (320×568 — e.g. iPhone SE / small Android) GreetingHeader renders with no overflow
00:01 +25: C:/Users/erjan/OneDrive/Desktop/ASF mobile app/flutter_app/test/dashboard_responsive_test.dart: small (320×568 — e.g. iPhone SE / small Android) GreetingHeader renders with no overflow
00:01 +26: C:/Users/erjan/OneDrive/Desktop/ASF mobile app/flutter_app/test/dashboard_responsive_test.dart: small (320×568 — e.g. iPhone SE / small Android) GreetingHeader renders with no overflow
00:01 +27: C:/Users/erjan/OneDrive/Desktop/ASF mobile app/flutter_app/test/dashboard_responsive_test.dart: small (320×568 — e.g. iPhone SE / small Android) GreetingHeader renders with no overflow
00:01 +28: C:/Users/erjan/OneDrive/Desktop/ASF mobile app/flutter_app/test/dashboard_responsive_test.dart: small (320×568 — e.g. iPhone SE / small Android) GreetingHeader renders with no overflow
00:01 +29: C:/Users/erjan/OneDrive/Desktop/ASF mobile app/flutter_app/test/dashboard_responsive_test.dart: small (320×568 — e.g. iPhone SE / small Android) GreetingHeader renders with no overflow
00:01 +30: C:/Users/erjan/OneDrive/Desktop/ASF mobile app/flutter_app/test/dashboard_responsive_test.dart: small (320×568 — e.g. iPhone SE / small Android) GreetingHeader renders with no overflow
00:01 +31: C:/Users/erjan/OneDrive/Desktop/ASF mobile app/flutter_app/test/dashboard_responsive_test.dart: small (320×568 — e.g. iPhone SE / small Android) GreetingHeader renders with no overflow
00:01 +32: C:/Users/erjan/OneDrive/Desktop/ASF mobile app/flutter_app/test/dashboard_responsive_test.dart: small (320×568 — e.g. iPhone SE / small Android) GreetingHeader renders with no overflow
00:01 +33: C:/Users/erjan/OneDrive/Desktop/ASF mobile app/flutter_app/test/dashboard_responsive_test.dart: small (320×568 — e.g. iPhone SE / small Android) GreetingHeader renders with no overflow
00:01 +34: C:/Users/erjan/OneDrive/Desktop/ASF mobile app/flutter_app/test/dashboard_responsive_test.dart: small (320×568 — e.g. iPhone SE / small Android) GreetingHeader renders with no overflow
00:01 +35: C:/Users/erjan/OneDrive/Desktop/ASF mobile app/flutter_app/test/dashboard_responsive_test.dart: small (320×568 — e.g. iPhone SE / small Android) GreetingHeader renders with no overflow
00:01 +36: C:/Users/erjan/OneDrive/Desktop/ASF mobile app/flutter_app/test/dashboard_responsive_test.dart: small (320×568 — e.g. iPhone SE / small Android) GreetingHeader renders with no overflow
00:01 +37: C:/Users/erjan/OneDrive/Desktop/ASF mobile app/flutter_app/test/dashboard_responsive_test.dart: small (320×568 — e.g. iPhone SE / small Android) GreetingHeader renders with no overflow
00:01 +38: C:/Users/erjan/OneDrive/Desktop/ASF mobile app/flutter_app/test/dashboard_responsive_test.dart: small (320×568 — e.g. iPhone SE / small Android) HealthBannerCard (critical, all-physical-options) renders with no overflow
00:01 +39: C:/Users/erjan/OneDrive/Desktop/ASF mobile app/flutter_app/test/dashboard_responsive_test.dart: small (320×568 — e.g. iPhone SE / small Android) SummaryCardGrid (2x2 hero + FCR/Growth row) renders with no overflow
00:01 +40: C:/Users/erjan/OneDrive/Desktop/ASF mobile app/flutter_app/test/dashboard_responsive_test.dart: small (320×568 — e.g. iPhone SE / small Android) SummaryCardGrid renders with no overflow in Filipino (longer labels)
00:01 +41: C:/Users/erjan/OneDrive/Desktop/ASF mobile app/flutter_app/test/dashboard_responsive_test.dart: small (320×568 — e.g. iPhone SE / small Android) WeightProgressCard (with "not recorded this week" banner) renders with no overflow
00:02 +42: C:/Users/erjan/OneDrive/Desktop/ASF mobile app/flutter_app/test/health_translation_test.dart: Stage 1 — option catalogs are non-empty with the exact expected counts kBehaviorOptions has exactly 5 items
00:02 +43: C:/Users/erjan/OneDrive/Desktop/ASF mobile app/flutter_app/test/dashboard_responsive_test.dart: small (320×568 — e.g. iPhone SE / small Android) TodayTasksCard (long subtitles, completed+pending split) renders with no overflow
00:02 +44: C:/Users/erjan/OneDrive/Desktop/ASF mobile app/flutter_app/test/dashboard_responsive_test.dart: small (320×568 — e.g. iPhone SE / small Android) TodayTasksCard (long subtitles, completed+pending split) renders with no overflow
00:02 +45: C:/Users/erjan/OneDrive/Desktop/ASF mobile app/flutter_app/test/dashboard_responsive_test.dart: small (320×568 — e.g. iPhone SE / small Android) TodayTasksCard (long subtitles, completed+pending split) renders with no overflow
00:02 +46: C:/Users/erjan/OneDrive/Desktop/ASF mobile app/flutter_app/test/dashboard_responsive_test.dart: small (320×568 — e.g. iPhone SE / small Android) TodayTasksCard (long subtitles, completed+pending split) renders with no overflow
00:02 +47: C:/Users/erjan/OneDrive/Desktop/ASF mobile app/flutter_app/test/dashboard_responsive_test.dart: small (320×568 — e.g. iPhone SE / small Android) TodayTasksCard (long subtitles, completed+pending split) renders with no overflow
00:02 +48: C:/Users/erjan/OneDrive/Desktop/ASF mobile app/flutter_app/test/dashboard_responsive_test.dart: small (320×568 — e.g. iPhone SE / small Android) TodayTasksCard (long subtitles, completed+pending split) renders with no overflow
00:02 +49: C:/Users/erjan/OneDrive/Desktop/ASF mobile app/flutter_app/test/dashboard_responsive_test.dart: small (320×568 — e.g. iPhone SE / small Android) TodayTasksCard (long subtitles, completed+pending split) renders with no overflow
00:02 +50: C:/Users/erjan/OneDrive/Desktop/ASF mobile app/flutter_app/test/dashboard_responsive_test.dart: small (320×568 — e.g. iPhone SE / small Android) TodayTasksCard (long subtitles, completed+pending split) renders with no overflow
00:02 +51: C:/Users/erjan/OneDrive/Desktop/ASF mobile app/flutter_app/test/dashboard_responsive_test.dart: small (320×568 — e.g. iPhone SE / small Android) TodayTasksCard (long subtitles, completed+pending split) renders with no overflow
00:02 +52: C:/Users/erjan/OneDrive/Desktop/ASF mobile app/flutter_app/test/dashboard_responsive_test.dart: small (320×568 — e.g. iPhone SE / small Android) TodayTasksCard (long subtitles, completed+pending split) renders with no overflow
00:02 +53: C:/Users/erjan/OneDrive/Desktop/ASF mobile app/flutter_app/test/dashboard_responsive_test.dart: small (320×568 — e.g. iPhone SE / small Android) TodayTasksCard (long subtitles, completed+pending split) renders with no overflow
00:02 +54: C:/Users/erjan/OneDrive/Desktop/ASF mobile app/flutter_app/test/dashboard_responsive_test.dart: small (320×568 — e.g. iPhone SE / small Android) TodayTasksCard (long subtitles, completed+pending split) renders with no overflow
00:02 +55: C:/Users/erjan/OneDrive/Desktop/ASF mobile app/flutter_app/test/dashboard_responsive_test.dart: small (320×568 — e.g. iPhone SE / small Android) TodayTasksCard (long subtitles, completed+pending split) renders with no overflow
00:02 +56: C:/Users/erjan/OneDrive/Desktop/ASF mobile app/flutter_app/test/dashboard_responsive_test.dart: small (320×568 — e.g. iPhone SE / small Android) TodayTasksCard (long subtitles, completed+pending split) renders with no overflow
00:02 +57: C:/Users/erjan/OneDrive/Desktop/ASF mobile app/flutter_app/test/dashboard_responsive_test.dart: small (320×568 — e.g. iPhone SE / small Android) TodayTasksCard (long subtitles, completed+pending split) renders with no overflow
00:02 +58: C:/Users/erjan/OneDrive/Desktop/ASF mobile app/flutter_app/test/dashboard_responsive_test.dart: small (320×568 — e.g. iPhone SE / small Android) TodayTasksCard (long subtitles, completed+pending split) renders with no overflow
00:02 +59: C:/Users/erjan/OneDrive/Desktop/ASF mobile app/flutter_app/test/dashboard_responsive_test.dart: small (320×568 — e.g. iPhone SE / small Android) TodayTasksCard (long subtitles, completed+pending split) renders with no overflow
00:02 +60: C:/Users/erjan/OneDrive/Desktop/ASF mobile app/flutter_app/test/dashboard_responsive_test.dart: small (320×568 — e.g. iPhone SE / small Android) TodayTasksCard (long subtitles, completed+pending split) renders with no overflow
00:02 +61: C:/Users/erjan/OneDrive/Desktop/ASF mobile app/flutter_app/test/dashboard_responsive_test.dart: small (320×568 — e.g. iPhone SE / small Android) TodayTasksCard (long subtitles, completed+pending split) renders with no overflow
00:02 +62: C:/Users/erjan/OneDrive/Desktop/ASF mobile app/flutter_app/test/dashboard_responsive_test.dart: small (320×568 — e.g. iPhone SE / small Android) TodayTasksCard (long subtitles, completed+pending split) renders with no overflow
00:02 +63: C:/Users/erjan/OneDrive/Desktop/ASF mobile app/flutter_app/test/dashboard_responsive_test.dart: small (320×568 — e.g. iPhone SE / small Android) TipOfDayCard renders with no overflow
00:02 +64: C:/Users/erjan/OneDrive/Desktop/ASF mobile app/flutter_app/test/dashboard_responsive_test.dart: medium (390×844 — e.g. iPhone 14 / mid Android) GreetingHeader renders with no overflow
00:02 +65: C:/Users/erjan/OneDrive/Desktop/ASF mobile app/flutter_app/test/dashboard_responsive_test.dart: medium (390×844 — e.g. iPhone 14 / mid Android) HealthBannerCard (critical, all-physical-options) renders with no overflow
00:02 +66: C:/Users/erjan/OneDrive/Desktop/ASF mobile app/flutter_app/test/dashboard_responsive_test.dart: medium (390×844 — e.g. iPhone 14 / mid Android) SummaryCardGrid (2x2 hero + FCR/Growth row) renders with no overflow
00:02 +67: C:/Users/erjan/OneDrive/Desktop/ASF mobile app/flutter_app/test/dashboard_responsive_test.dart: medium (390×844 — e.g. iPhone 14 / mid Android) SummaryCardGrid renders with no overflow in Filipino (longer labels)
00:02 +68: C:/Users/erjan/OneDrive/Desktop/ASF mobile app/flutter_app/test/health_translation_widget_test.dart: switching appLanguageProvider re-renders every label in place, no restart
00:02 +69: C:/Users/erjan/OneDrive/Desktop/ASF mobile app/flutter_app/test/health_translation_widget_test.dart: switching appLanguageProvider re-renders every label in place, no restart
00:03 +70: C:/Users/erjan/OneDrive/Desktop/ASF mobile app/flutter_app/test/health_translation_widget_test.dart: switching appLanguageProvider re-renders every label in place, no restart
00:03 +71: C:/Users/erjan/OneDrive/Desktop/ASF mobile app/flutter_app/test/health_translation_widget_test.dart: switching appLanguageProvider re-renders every label in place, no restart
00:03 +72: C:/Users/erjan/OneDrive/Desktop/ASF mobile app/flutter_app/test/health_translation_widget_test.dart: switching appLanguageProvider re-renders every label in place, no restart
00:03 +73: C:/Users/erjan/OneDrive/Desktop/ASF mobile app/flutter_app/test/health_translation_widget_test.dart: switching appLanguageProvider re-renders every label in place, no restart
00:03 +74: C:/Users/erjan/OneDrive/Desktop/ASF mobile app/flutter_app/test/health_translation_widget_test.dart: switching appLanguageProvider re-renders every label in place, no restart
00:03 +75: C:/Users/erjan/OneDrive/Desktop/ASF mobile app/flutter_app/test/health_translation_widget_test.dart: switching appLanguageProvider re-renders every label in place, no restart
00:03 +76: C:/Users/erjan/OneDrive/Desktop/ASF mobile app/flutter_app/test/health_translation_widget_test.dart: switching appLanguageProvider re-renders every label in place, no restart
00:03 +77: C:/Users/erjan/OneDrive/Desktop/ASF mobile app/flutter_app/test/health_translation_widget_test.dart: switching appLanguageProvider re-renders every label in place, no restart
00:03 +78: C:/Users/erjan/OneDrive/Desktop/ASF mobile app/flutter_app/test/health_translation_widget_test.dart: switching appLanguageProvider re-renders every label in place, no restart
00:03 +79: C:/Users/erjan/OneDrive/Desktop/ASF mobile app/flutter_app/test/health_translation_widget_test.dart: switching appLanguageProvider re-renders every label in place, no restart
00:03 +80: C:/Users/erjan/OneDrive/Desktop/ASF mobile app/flutter_app/test/health_translation_widget_test.dart: switching appLanguageProvider re-renders every label in place, no restart
00:03 +81: C:/Users/erjan/OneDrive/Desktop/ASF mobile app/flutter_app/test/health_translation_widget_test.dart: switching appLanguageProvider re-renders every label in place, no restart
00:03 +82: C:/Users/erjan/OneDrive/Desktop/ASF mobile app/flutter_app/test/health_translation_widget_test.dart: switching appLanguageProvider re-renders every label in place, no restart
00:03 +83: C:/Users/erjan/OneDrive/Desktop/ASF mobile app/flutter_app/test/health_translation_widget_test.dart: switching appLanguageProvider re-renders every label in place, no restart
00:03 +84: C:/Users/erjan/OneDrive/Desktop/ASF mobile app/flutter_app/test/health_translation_widget_test.dart: switching appLanguageProvider re-renders every label in place, no restart
00:03 +85: C:/Users/erjan/OneDrive/Desktop/ASF mobile app/flutter_app/test/health_translation_widget_test.dart: switching appLanguageProvider re-renders every label in place, no restart
00:03 +86: C:/Users/erjan/OneDrive/Desktop/ASF mobile app/flutter_app/test/health_translation_widget_test.dart: switching appLanguageProvider re-renders every label in place, no restart
00:03 +87: C:/Users/erjan/OneDrive/Desktop/ASF mobile app/flutter_app/test/health_translation_widget_test.dart: switching appLanguageProvider re-renders every label in place, no restart
00:03 +88: C:/Users/erjan/OneDrive/Desktop/ASF mobile app/flutter_app/test/health_translation_widget_test.dart: switching appLanguageProvider re-renders every label in place, no restart
00:03 +89: C:/Users/erjan/OneDrive/Desktop/ASF mobile app/flutter_app/test/health_translation_widget_test.dart: switching appLanguageProvider re-renders every label in place, no restart
00:03 +90: C:/Users/erjan/OneDrive/Desktop/ASF mobile app/flutter_app/test/health_translation_widget_test.dart: switching appLanguageProvider re-renders every label in place, no restart
00:03 +91: C:/Users/erjan/OneDrive/Desktop/ASF mobile app/flutter_app/test/health_translation_widget_test.dart: switching appLanguageProvider re-renders every label in place, no restart
00:03 +92: C:/Users/erjan/OneDrive/Desktop/ASF mobile app/flutter_app/test/health_translation_widget_test.dart: switching appLanguageProvider re-renders every label in place, no restart
00:03 +93: C:/Users/erjan/OneDrive/Desktop/ASF mobile app/flutter_app/test/health_translation_widget_test.dart: switching appLanguageProvider re-renders every label in place, no restart
00:04 +94: C:/Users/erjan/OneDrive/Desktop/ASF mobile app/flutter_app/test/health_translation_widget_test.dart: switching appLanguageProvider re-renders every label in place, no restart
00:04 +95: C:/Users/erjan/OneDrive/Desktop/ASF mobile app/flutter_app/test/health_translation_widget_test.dart: switching appLanguageProvider re-renders every label in place, no restart
00:04 +96: C:/Users/erjan/OneDrive/Desktop/ASF mobile app/flutter_app/test/health_translation_widget_test.dart: switching appLanguageProvider re-renders every label in place, no restart
00:04 +97: C:/Users/erjan/OneDrive/Desktop/ASF mobile app/flutter_app/test/health_translation_widget_test.dart: switching appLanguageProvider re-renders every label in place, no restart
00:04 +98: C:/Users/erjan/OneDrive/Desktop/ASF mobile app/flutter_app/test/health_translation_widget_test.dart: switching appLanguageProvider re-renders every label in place, no restart
00:04 +99: C:/Users/erjan/OneDrive/Desktop/ASF mobile app/flutter_app/test/health_translation_widget_test.dart: switching appLanguageProvider re-renders every label in place, no restart
00:04 +100: C:/Users/erjan/OneDrive/Desktop/ASF mobile app/flutter_app/test/health_translation_widget_test.dart: switching appLanguageProvider re-renders every label in place, no restart
00:04 +101: C:/Users/erjan/OneDrive/Desktop/ASF mobile app/flutter_app/test/health_translation_widget_test.dart: switching appLanguageProvider re-renders every label in place, no restart
00:04 +102: C:/Users/erjan/OneDrive/Desktop/ASF mobile app/flutter_app/test/health_translation_widget_test.dart: switching appLanguageProvider re-renders every label in place, no restart
00:04 +103: C:/Users/erjan/OneDrive/Desktop/ASF mobile app/flutter_app/test/health_translation_widget_test.dart: switching appLanguageProvider re-renders every label in place, no restart
00:04 +104: C:/Users/erjan/OneDrive/Desktop/ASF mobile app/flutter_app/test/health_translation_widget_test.dart: switching appLanguageProvider re-renders every label in place, no restart
00:04 +105: C:/Users/erjan/OneDrive/Desktop/ASF mobile app/flutter_app/test/health_translation_widget_test.dart: switching appLanguageProvider re-renders every label in place, no restart
00:04 +106: All tests passed!
===== DONE Sat 08/01/2026 11:08:33.22 ===== 
