===== START Sun 08/02/2026  2:03:31.82 ===== 
----- flutter clean ----- 
Deleting build...                                                  11.9s
Deleting .dart_tool...                                              38ms
Deleting .flutter-plugins-dependencies...                            2ms
----- flutter pub get ----- 
Resolving dependencies...
Downloading packages...
  _flutterfire_internals 1.3.59 (1.3.75 available)
  app_links 7.0.0 (7.2.1 available)
  app_links_platform_interface 2.0.2 (2.0.4 available)
  connectivity_plus 6.1.5 (7.3.1 available)
  firebase_auth 5.7.0 (6.5.6 available)
  firebase_auth_platform_interface 7.7.3 (9.0.5 available)
  firebase_auth_web 5.15.3 (6.2.5 available)
  firebase_core 3.15.2 (4.12.1 available)
  firebase_core_platform_interface 6.0.3 (8.0.0 available)
  firebase_core_web 2.24.1 (3.9.1 available)
  firebase_crashlytics 4.3.10 (5.2.6 available)
  firebase_crashlytics_platform_interface 3.8.10 (3.8.26 available)
  firebase_messaging 15.2.10 (16.4.3 available)
  firebase_messaging_platform_interface 4.6.10 (4.9.2 available)
  firebase_messaging_web 3.10.10 (4.2.3 available)
  fl_chart 0.69.2 (1.2.0 available)
  flutter_image_compress 2.5.0 (2.5.1 available)
  flutter_image_compress_common 1.1.0 (1.1.1 available)
  flutter_lints 4.0.0 (6.0.0 available)
  flutter_local_notifications 18.0.1 (22.2.0 available)
  flutter_local_notifications_linux 5.0.0 (8.0.1 available)
  flutter_local_notifications_platform_interface 8.0.0 (12.1.0 available)
  flutter_riverpod 2.6.1 (3.4.2 available)
  go_router 14.8.1 (17.3.0 available)
  hooks 2.0.2 (2.1.0 available)
  image 4.8.0 (4.9.1 available)
  image_picker_android 0.8.13+17 (0.8.13+19 available)
  intl 0.19.0 (0.20.3 available)
  jni 1.0.0 (1.0.3 available)
  jni_flutter 1.0.1 (1.0.2 available)
  lints 4.0.0 (6.1.0 available)
  matcher 0.12.19 (0.12.20 available)
  meta 1.17.0 (1.19.0 available)
  objective_c 9.4.1 (9.5.0 available)
  package_config 2.2.0 (3.0.0 available)
  package_info_plus 8.3.1 (10.2.1 available)
  package_info_plus_platform_interface 3.2.1 (4.1.0 available)
  pdf 3.12.0 (3.13.0 available)
  posix 6.5.0 (6.5.2 available)
  qr 3.0.2 (4.0.0 available)
  record_use 0.6.0 (1.0.0 available)
  riverpod 2.6.1 (3.4.2 available)
  share_plus 10.1.4 (13.3.0 available)
  share_plus_platform_interface 5.0.2 (7.2.0 available)
  shared_preferences_android 2.4.23 (2.4.27 available)
  sqflite 2.4.2+1 (2.4.3 available)
  sqflite_android 2.4.2+3 (2.4.3 available)
  sqflite_common 2.5.8 (2.5.11 available)
  sqflite_darwin 2.4.2 (2.4.3+1 available)
  sqflite_platform_interface 2.4.0 (2.4.1 available)
  synchronized 3.4.0+1 (3.4.1+1 available)
  test_api 0.7.10 (0.7.13 available)
  timezone 0.9.4 (0.11.1 available)
  url_launcher_android 6.3.30 (6.3.32 available)
  vector_math 2.2.0 (2.4.2 available)
  win32 5.15.0 (6.3.0 available)
  xml 6.6.1 (7.0.1 available)
Got dependencies!
57 packages have newer versions incompatible with dependency constraints.
Try `flutter pub outdated` for more information.
----- flutter analyze ----- 
Analyzing flutter_app...                                        

   info - 'anonKey' is deprecated and shouldn't be used. Use publishableKey instead. anonKey will be removed in a future major version - lib\core\config\supabase_config.dart:43:5 - deprecated_member_use

1 issue found. (ran in 151.3s)
----- flutter test ----- 
00:00 +0: loading C:/Users/erjan/OneDrive/Desktop/ASF mobile app/flutter_app/test/dashboard_responsive_test.dart
00:00 +0: C:/Users/erjan/OneDrive/Desktop/ASF mobile app/flutter_app/test/dashboard_responsive_test.dart: small (320×568 — e.g. iPhone SE / small Android) GreetingHeader renders with no overflow
00:00 +0: C:/Users/erjan/OneDrive/Desktop/ASF mobile app/flutter_app/test/data_integrity_test.dart: parseJsonListSafely one corrupted record among valid ones is skipped, valid entries still load
test: skipped corrupted record at index 1 — type 'String' is not a subtype of type 'num?' in type cast
#0      new HealthLogEntry.fromJson (package:asf_flutter/features/health/domain/health_calculations.dart:491:25)
#1      parseJsonListSafely (package:asf_flutter/core/database/safe_parse.dart:48:27)
#2      main.<anonymous closure>.<anonymous closure> (file:///C:/Users/erjan/OneDrive/Desktop/ASF%20mobile%20app/flutter_app/test/data_integrity_test.dart:59:22)
#3      Declarer.test.<anonymous closure>.<anonymous closure> (package:test_api/src/backend/declarer.dart:253:25)
<asynchronous suspension>
#4      Declarer.test.<anonymous closure> (package:test_api/src/backend/declarer.dart:250:11)
<asynchronous suspension>
#5      Invoker._waitForOutstandingCallbacks.<anonymous closure> (package:test_api/src/backend/invoker.dart:318:9)
<asynchronous suspension>

00:00 +1: C:/Users/erjan/OneDrive/Desktop/ASF mobile app/flutter_app/test/dashboard_responsive_test.dart: small (320×568 — e.g. iPhone SE / small Android) GreetingHeader renders with no overflow
00:00 +1: C:/Users/erjan/OneDrive/Desktop/ASF mobile app/flutter_app/test/data_integrity_test.dart: parseJsonListSafely a genuinely malformed element (not a Map at all) is skipped without throwing
test: skipped corrupted record at index 1 — type 'String' is not a subtype of type 'Map<dynamic, dynamic>' in type cast
#0      parseJsonListSafely (package:asf_flutter/core/database/safe_parse.dart:48:61)
#1      main.<anonymous closure>.<anonymous closure> (file:///C:/Users/erjan/OneDrive/Desktop/ASF%20mobile%20app/flutter_app/test/data_integrity_test.dart:86:22)
#2      Declarer.test.<anonymous closure>.<anonymous closure> (package:test_api/src/backend/declarer.dart:253:25)
<asynchronous suspension>
#3      Declarer.test.<anonymous closure> (package:test_api/src/backend/declarer.dart:250:11)
<asynchronous suspension>
#4      Invoker._waitForOutstandingCallbacks.<anonymous closure> (package:test_api/src/backend/invoker.dart:318:9)
<asynchronous suspension>

test: skipped corrupted record at index 2 — type 'int' is not a subtype of type 'Map<dynamic, dynamic>' in type cast
#0      parseJsonListSafely (package:asf_flutter/core/database/safe_parse.dart:48:61)
#1      main.<anonymous closure>.<anonymous closure> (file:///C:/Users/erjan/OneDrive/Desktop/ASF%20mobile%20app/flutter_app/test/data_integrity_test.dart:86:22)
#2      Declarer.test.<anonymous closure>.<anonymous closure> (package:test_api/src/backend/declarer.dart:253:25)
<asynchronous suspension>
#3      Declarer.test.<anonymous closure> (package:test_api/src/backend/declarer.dart:250:11)
<asynchronous suspension>
#4      Invoker._waitForOutstandingCallbacks.<anonymous closure> (package:test_api/src/backend/invoker.dart:318:9)
<asynchronous suspension>

test: skipped corrupted record at index 3 — type 'Null' is not a subtype of type 'Map<dynamic, dynamic>' in type cast
#0      parseJsonListSafely (package:asf_flutter/core/database/safe_parse.dart:48:61)
#1      main.<anonymous closure>.<anonymous closure> (file:///C:/Users/erjan/OneDrive/Desktop/ASF%20mobile%20app/flutter_app/test/data_integrity_test.dart:86:22)
#2      Declarer.test.<anonymous closure>.<anonymous closure> (package:test_api/src/backend/declarer.dart:253:25)
<asynchronous suspension>
#3      Declarer.test.<anonymous closure> (package:test_api/src/backend/declarer.dart:250:11)
<asynchronous suspension>
#4      Invoker._waitForOutstandingCallbacks.<anonymous closure> (package:test_api/src/backend/invoker.dart:318:9)
<asynchronous suspension>

00:00 +2: C:/Users/erjan/OneDrive/Desktop/ASF mobile app/flutter_app/test/dashboard_responsive_test.dart: small (320×568 — e.g. iPhone SE / small Android) GreetingHeader renders with no overflow
00:00 +3: C:/Users/erjan/OneDrive/Desktop/ASF mobile app/flutter_app/test/dashboard_responsive_test.dart: small (320×568 — e.g. iPhone SE / small Android) GreetingHeader renders with no overflow
00:00 +4: C:/Users/erjan/OneDrive/Desktop/ASF mobile app/flutter_app/test/dashboard_responsive_test.dart: small (320×568 — e.g. iPhone SE / small Android) GreetingHeader renders with no overflow
00:00 +5: C:/Users/erjan/OneDrive/Desktop/ASF mobile app/flutter_app/test/dashboard_responsive_test.dart: small (320×568 — e.g. iPhone SE / small Android) GreetingHeader renders with no overflow
00:00 +6: C:/Users/erjan/OneDrive/Desktop/ASF mobile app/flutter_app/test/dashboard_responsive_test.dart: small (320×568 — e.g. iPhone SE / small Android) GreetingHeader renders with no overflow
00:00 +6: C:/Users/erjan/OneDrive/Desktop/ASF mobile app/flutter_app/test/data_integrity_test.dart: parseJsonObjectSafely corrupted draft recovery: a malformed draft row returns null rather than throwing
test: skipped a corrupted record — type 'String' is not a subtype of type 'Map<dynamic, dynamic>' in type cast
#0      parseJsonObjectSafely (package:asf_flutter/core/database/safe_parse.dart:102:51)
#1      main.<anonymous closure>.<anonymous closure> (file:///C:/Users/erjan/OneDrive/Desktop/ASF%20mobile%20app/flutter_app/test/data_integrity_test.dart:148:21)
#2      Declarer.test.<anonymous closure>.<anonymous closure> (package:test_api/src/backend/declarer.dart:253:25)
<asynchronous suspension>
#3      Declarer.test.<anonymous closure> (package:test_api/src/backend/declarer.dart:250:11)
<asynchronous suspension>
#4      Invoker._waitForOutstandingCallbacks.<anonymous closure> (package:test_api/src/backend/invoker.dart:318:9)
<asynchronous suspension>

00:00 +7: C:/Users/erjan/OneDrive/Desktop/ASF mobile app/flutter_app/test/dashboard_responsive_test.dart: small (320×568 — e.g. iPhone SE / small Android) GreetingHeader renders with no overflow
00:00 +8: C:/Users/erjan/OneDrive/Desktop/ASF mobile app/flutter_app/test/dashboard_responsive_test.dart: small (320×568 — e.g. iPhone SE / small Android) GreetingHeader renders with no overflow
00:00 +9: C:/Users/erjan/OneDrive/Desktop/ASF mobile app/flutter_app/test/dashboard_responsive_test.dart: small (320×568 — e.g. iPhone SE / small Android) GreetingHeader renders with no overflow
00:00 +9: C:/Users/erjan/OneDrive/Desktop/ASF mobile app/flutter_app/test/data_integrity_test.dart: parseJsonObjectSafely corrupted vet contact recovery: a malformed row returns null rather than throwing
test: skipped a corrupted record — type 'int' is not a subtype of type 'Map<dynamic, dynamic>' in type cast
#0      parseJsonObjectSafely (package:asf_flutter/core/database/safe_parse.dart:102:51)
#1      main.<anonymous closure>.<anonymous closure> (file:///C:/Users/erjan/OneDrive/Desktop/ASF%20mobile%20app/flutter_app/test/data_integrity_test.dart:168:23)
#2      Declarer.test.<anonymous closure>.<anonymous closure> (package:test_api/src/backend/declarer.dart:253:25)
<asynchronous suspension>
#3      Declarer.test.<anonymous closure> (package:test_api/src/backend/declarer.dart:250:11)
<asynchronous suspension>
#4      Invoker._waitForOutstandingCallbacks.<anonymous closure> (package:test_api/src/backend/invoker.dart:318:9)
<asynchronous suspension>

00:00 +10: C:/Users/erjan/OneDrive/Desktop/ASF mobile app/flutter_app/test/dashboard_responsive_test.dart: small (320×568 — e.g. iPhone SE / small Android) GreetingHeader renders with no overflow
00:00 +11: C:/Users/erjan/OneDrive/Desktop/ASF mobile app/flutter_app/test/dashboard_responsive_test.dart: small (320×568 — e.g. iPhone SE / small Android) GreetingHeader renders with no overflow
00:00 +11: C:/Users/erjan/OneDrive/Desktop/ASF mobile app/flutter_app/test/data_integrity_test.dart: mapSafely skips an element whose parse callback throws, keeps the rest
test: skipped corrupted record at index 2 — IntegerDivisionByZeroException
#0      int.~/ (dart:core-patch/integers.dart:27:7)
#1      main.<anonymous closure>.<anonymous closure>.<anonymous closure> (file:///C:/Users/erjan/OneDrive/Desktop/ASF%20mobile%20app/flutter_app/test/data_integrity_test.dart:186:50)
#2      mapSafely (package:asf_flutter/core/database/safe_parse.dart:82:24)
#3      main.<anonymous closure>.<anonymous closure> (file:///C:/Users/erjan/OneDrive/Desktop/ASF%20mobile%20app/flutter_app/test/data_integrity_test.dart:186:22)
#4      Declarer.test.<anonymous closure>.<anonymous closure> (package:test_api/src/backend/declarer.dart:253:25)
<asynchronous suspension>
#5      Declarer.test.<anonymous closure> (package:test_api/src/backend/declarer.dart:250:11)
<asynchronous suspension>
#6      Invoker._waitForOutstandingCallbacks.<anonymous closure> (package:test_api/src/backend/invoker.dart:318:9)
<asynchronous suspension>

00:00 +12: C:/Users/erjan/OneDrive/Desktop/ASF mobile app/flutter_app/test/dashboard_responsive_test.dart: small (320×568 — e.g. iPhone SE / small Android) GreetingHeader renders with no overflow
00:00 +13: C:/Users/erjan/OneDrive/Desktop/ASF mobile app/flutter_app/test/dashboard_responsive_test.dart: small (320×568 — e.g. iPhone SE / small Android) GreetingHeader renders with no overflow
00:00 +14: C:/Users/erjan/OneDrive/Desktop/ASF mobile app/flutter_app/test/dashboard_responsive_test.dart: small (320×568 — e.g. iPhone SE / small Android) GreetingHeader renders with no overflow
00:00 +15: C:/Users/erjan/OneDrive/Desktop/ASF mobile app/flutter_app/test/dashboard_responsive_test.dart: small (320×568 — e.g. iPhone SE / small Android) GreetingHeader renders with no overflow
00:00 +16: C:/Users/erjan/OneDrive/Desktop/ASF mobile app/flutter_app/test/dashboard_responsive_test.dart: small (320×568 — e.g. iPhone SE / small Android) GreetingHeader renders with no overflow
00:00 +17: C:/Users/erjan/OneDrive/Desktop/ASF mobile app/flutter_app/test/dashboard_responsive_test.dart: small (320×568 — e.g. iPhone SE / small Android) GreetingHeader renders with no overflow
00:00 +18: C:/Users/erjan/OneDrive/Desktop/ASF mobile app/flutter_app/test/dashboard_responsive_test.dart: small (320×568 — e.g. iPhone SE / small Android) GreetingHeader renders with no overflow
00:01 +19: C:/Users/erjan/OneDrive/Desktop/ASF mobile app/flutter_app/test/dashboard_responsive_test.dart: small (320×568 — e.g. iPhone SE / small Android) GreetingHeader renders with no overflow
00:01 +20: C:/Users/erjan/OneDrive/Desktop/ASF mobile app/flutter_app/test/dashboard_responsive_test.dart: small (320×568 — e.g. iPhone SE / small Android) GreetingHeader renders with no overflow
00:01 +21: C:/Users/erjan/OneDrive/Desktop/ASF mobile app/flutter_app/test/dashboard_responsive_test.dart: small (320×568 — e.g. iPhone SE / small Android) GreetingHeader renders with no overflow
00:01 +22: C:/Users/erjan/OneDrive/Desktop/ASF mobile app/flutter_app/test/dashboard_responsive_test.dart: small (320×568 — e.g. iPhone SE / small Android) GreetingHeader renders with no overflow
00:01 +23: C:/Users/erjan/OneDrive/Desktop/ASF mobile app/flutter_app/test/dashboard_responsive_test.dart: small (320×568 — e.g. iPhone SE / small Android) GreetingHeader renders with no overflow
00:01 +24: C:/Users/erjan/OneDrive/Desktop/ASF mobile app/flutter_app/test/dashboard_responsive_test.dart: small (320×568 — e.g. iPhone SE / small Android) GreetingHeader renders with no overflow
00:01 +25: C:/Users/erjan/OneDrive/Desktop/ASF mobile app/flutter_app/test/dashboard_responsive_test.dart: small (320×568 — e.g. iPhone SE / small Android) GreetingHeader renders with no overflow
00:01 +26: C:/Users/erjan/OneDrive/Desktop/ASF mobile app/flutter_app/test/dashboard_responsive_test.dart: small (320×568 — e.g. iPhone SE / small Android) GreetingHeader renders with no overflow
00:01 +27: C:/Users/erjan/OneDrive/Desktop/ASF mobile app/flutter_app/test/dashboard_responsive_test.dart: small (320×568 — e.g. iPhone SE / small Android) GreetingHeader renders with no overflow
00:01 +28: C:/Users/erjan/OneDrive/Desktop/ASF mobile app/flutter_app/test/dashboard_responsive_test.dart: small (320×568 — e.g. iPhone SE / small Android) GreetingHeader renders with no overflow
00:01 +29: C:/Users/erjan/OneDrive/Desktop/ASF mobile app/flutter_app/test/health_calculations_test.dart: computeHealthAssessment — status reachability A single At-Risk-tier symptom alone is not enough to reach At Risk (needs 2+, per the rule)
00:01 +30: C:/Users/erjan/OneDrive/Desktop/ASF mobile app/flutter_app/test/health_calculations_test.dart: computeHealthAssessment — status reachability A single Critical-tier (non-Emergency) symptom alone floors at least to At Risk
00:01 +31: C:/Users/erjan/OneDrive/Desktop/ASF mobile app/flutter_app/test/dashboard_responsive_test.dart: small (320×568 — e.g. iPhone SE / small Android) HealthBannerCard (critical, all-physical-options) renders with no overflow
00:01 +32: C:/Users/erjan/OneDrive/Desktop/ASF mobile app/flutter_app/test/dashboard_responsive_test.dart: small (320×568 — e.g. iPhone SE / small Android) HealthBannerCard (critical, all-physical-options) renders with no overflow
00:01 +33: C:/Users/erjan/OneDrive/Desktop/ASF mobile app/flutter_app/test/dashboard_responsive_test.dart: small (320×568 — e.g. iPhone SE / small Android) HealthBannerCard (critical, all-physical-options) renders with no overflow
00:01 +34: C:/Users/erjan/OneDrive/Desktop/ASF mobile app/flutter_app/test/dashboard_responsive_test.dart: small (320×568 — e.g. iPhone SE / small Android) HealthBannerCard (critical, all-physical-options) renders with no overflow
00:01 +35: C:/Users/erjan/OneDrive/Desktop/ASF mobile app/flutter_app/test/dashboard_responsive_test.dart: small (320×568 — e.g. iPhone SE / small Android) HealthBannerCard (critical, all-physical-options) renders with no overflow
00:01 +36: C:/Users/erjan/OneDrive/Desktop/ASF mobile app/flutter_app/test/dashboard_responsive_test.dart: small (320×568 — e.g. iPhone SE / small Android) HealthBannerCard (critical, all-physical-options) renders with no overflow
00:01 +37: C:/Users/erjan/OneDrive/Desktop/ASF mobile app/flutter_app/test/dashboard_responsive_test.dart: small (320×568 — e.g. iPhone SE / small Android) HealthBannerCard (critical, all-physical-options) renders with no overflow
00:01 +38: C:/Users/erjan/OneDrive/Desktop/ASF mobile app/flutter_app/test/dashboard_responsive_test.dart: small (320×568 — e.g. iPhone SE / small Android) HealthBannerCard (critical, all-physical-options) renders with no overflow
00:01 +39: C:/Users/erjan/OneDrive/Desktop/ASF mobile app/flutter_app/test/dashboard_responsive_test.dart: small (320×568 — e.g. iPhone SE / small Android) SummaryCardGrid (2x2 hero + FCR/Growth row) renders with no overflow
00:01 +40: C:/Users/erjan/OneDrive/Desktop/ASF mobile app/flutter_app/test/dashboard_responsive_test.dart: small (320×568 — e.g. iPhone SE / small Android) SummaryCardGrid renders with no overflow in Filipino (longer labels)
00:01 +41: C:/Users/erjan/OneDrive/Desktop/ASF mobile app/flutter_app/test/dashboard_responsive_test.dart: small (320×568 — e.g. iPhone SE / small Android) WeightProgressCard (with "not recorded this week" banner) renders with no overflow
00:02 +42: C:/Users/erjan/OneDrive/Desktop/ASF mobile app/flutter_app/test/dashboard_responsive_test.dart: small (320×568 — e.g. iPhone SE / small Android) WeightProgressCard (with "not recorded this week" banner) renders with no overflow
00:02 +43: C:/Users/erjan/OneDrive/Desktop/ASF mobile app/flutter_app/test/dashboard_responsive_test.dart: small (320×568 — e.g. iPhone SE / small Android) WeightProgressCard (with "not recorded this week" banner) renders with no overflow
00:02 +44: C:/Users/erjan/OneDrive/Desktop/ASF mobile app/flutter_app/test/dashboard_responsive_test.dart: small (320×568 — e.g. iPhone SE / small Android) WeightProgressCard (with "not recorded this week" banner) renders with no overflow
00:02 +45: C:/Users/erjan/OneDrive/Desktop/ASF mobile app/flutter_app/test/dashboard_responsive_test.dart: small (320×568 — e.g. iPhone SE / small Android) WeightProgressCard (with "not recorded this week" banner) renders with no overflow
00:02 +46: C:/Users/erjan/OneDrive/Desktop/ASF mobile app/flutter_app/test/dashboard_responsive_test.dart: small (320×568 — e.g. iPhone SE / small Android) WeightProgressCard (with "not recorded this week" banner) renders with no overflow
00:02 +47: C:/Users/erjan/OneDrive/Desktop/ASF mobile app/flutter_app/test/health_translation_test.dart: healthTranslationCoverageGaps — every option has a Filipino entry reports zero gaps across all four categories
00:02 +48: C:/Users/erjan/OneDrive/Desktop/ASF mobile app/flutter_app/test/dashboard_responsive_test.dart: small (320×568 — e.g. iPhone SE / small Android) TodayTasksCard (long subtitles, completed+pending split) renders with no overflow
00:02 +49: C:/Users/erjan/OneDrive/Desktop/ASF mobile app/flutter_app/test/dashboard_responsive_test.dart: small (320×568 — e.g. iPhone SE / small Android) TodayTasksCard (long subtitles, completed+pending split) renders with no overflow
00:02 +50: C:/Users/erjan/OneDrive/Desktop/ASF mobile app/flutter_app/test/dashboard_responsive_test.dart: small (320×568 — e.g. iPhone SE / small Android) TodayTasksCard (long subtitles, completed+pending split) renders with no overflow
00:02 +51: C:/Users/erjan/OneDrive/Desktop/ASF mobile app/flutter_app/test/dashboard_responsive_test.dart: small (320×568 — e.g. iPhone SE / small Android) TodayTasksCard (long subtitles, completed+pending split) renders with no overflow
00:02 +52: C:/Users/erjan/OneDrive/Desktop/ASF mobile app/flutter_app/test/dashboard_responsive_test.dart: small (320×568 — e.g. iPhone SE / small Android) TodayTasksCard (long subtitles, completed+pending split) renders with no overflow
00:02 +53: C:/Users/erjan/OneDrive/Desktop/ASF mobile app/flutter_app/test/dashboard_responsive_test.dart: small (320×568 — e.g. iPhone SE / small Android) TodayTasksCard (long subtitles, completed+pending split) renders with no overflow
00:02 +54: C:/Users/erjan/OneDrive/Desktop/ASF mobile app/flutter_app/test/dashboard_responsive_test.dart: small (320×568 — e.g. iPhone SE / small Android) TodayTasksCard (long subtitles, completed+pending split) renders with no overflow
00:02 +55: C:/Users/erjan/OneDrive/Desktop/ASF mobile app/flutter_app/test/dashboard_responsive_test.dart: small (320×568 — e.g. iPhone SE / small Android) TodayTasksCard (long subtitles, completed+pending split) renders with no overflow
00:02 +56: C:/Users/erjan/OneDrive/Desktop/ASF mobile app/flutter_app/test/dashboard_responsive_test.dart: small (320×568 — e.g. iPhone SE / small Android) TodayTasksCard (long subtitles, completed+pending split) renders with no overflow
00:02 +57: C:/Users/erjan/OneDrive/Desktop/ASF mobile app/flutter_app/test/dashboard_responsive_test.dart: small (320×568 — e.g. iPhone SE / small Android) TodayTasksCard (long subtitles, completed+pending split) renders with no overflow
00:02 +58: C:/Users/erjan/OneDrive/Desktop/ASF mobile app/flutter_app/test/dashboard_responsive_test.dart: small (320×568 — e.g. iPhone SE / small Android) TodayTasksCard (long subtitles, completed+pending split) renders with no overflow
00:02 +59: C:/Users/erjan/OneDrive/Desktop/ASF mobile app/flutter_app/test/dashboard_responsive_test.dart: small (320×568 — e.g. iPhone SE / small Android) TodayTasksCard (long subtitles, completed+pending split) renders with no overflow
00:02 +60: C:/Users/erjan/OneDrive/Desktop/ASF mobile app/flutter_app/test/dashboard_responsive_test.dart: small (320×568 — e.g. iPhone SE / small Android) TodayTasksCard (long subtitles, completed+pending split) renders with no overflow
00:02 +61: C:/Users/erjan/OneDrive/Desktop/ASF mobile app/flutter_app/test/dashboard_responsive_test.dart: small (320×568 — e.g. iPhone SE / small Android) TodayTasksCard (long subtitles, completed+pending split) renders with no overflow
00:02 +62: C:/Users/erjan/OneDrive/Desktop/ASF mobile app/flutter_app/test/dashboard_responsive_test.dart: small (320×568 — e.g. iPhone SE / small Android) TodayTasksCard (long subtitles, completed+pending split) renders with no overflow
00:02 +63: C:/Users/erjan/OneDrive/Desktop/ASF mobile app/flutter_app/test/dashboard_responsive_test.dart: small (320×568 — e.g. iPhone SE / small Android) TipOfDayCard renders with no overflow
00:02 +64: C:/Users/erjan/OneDrive/Desktop/ASF mobile app/flutter_app/test/dashboard_responsive_test.dart: medium (390×844 — e.g. iPhone 14 / mid Android) GreetingHeader renders with no overflow
00:02 +65: C:/Users/erjan/OneDrive/Desktop/ASF mobile app/flutter_app/test/dashboard_responsive_test.dart: medium (390×844 — e.g. iPhone 14 / mid Android) HealthBannerCard (critical, all-physical-options) renders with no overflow
00:02 +66: C:/Users/erjan/OneDrive/Desktop/ASF mobile app/flutter_app/test/dashboard_responsive_test.dart: medium (390×844 — e.g. iPhone 14 / mid Android) SummaryCardGrid (2x2 hero + FCR/Growth row) renders with no overflow
00:02 +67: C:/Users/erjan/OneDrive/Desktop/ASF mobile app/flutter_app/test/dashboard_responsive_test.dart: medium (390×844 — e.g. iPhone 14 / mid Android) SummaryCardGrid renders with no overflow in Filipino (longer labels)
00:03 +68: C:/Users/erjan/OneDrive/Desktop/ASF mobile app/flutter_app/test/dashboard_responsive_test.dart: medium (390×844 — e.g. iPhone 14 / mid Android) WeightProgressCard (with "not recorded this week" banner) renders with no overflow
00:03 +69: C:/Users/erjan/OneDrive/Desktop/ASF mobile app/flutter_app/test/dashboard_responsive_test.dart: medium (390×844 — e.g. iPhone 14 / mid Android) TodayTasksCard (long subtitles, completed+pending split) renders with no overflow
00:03 +70: C:/Users/erjan/OneDrive/Desktop/ASF mobile app/flutter_app/test/health_translation_widget_test.dart: switching appLanguageProvider re-renders every label in place, no restart
00:03 +71: C:/Users/erjan/OneDrive/Desktop/ASF mobile app/flutter_app/test/health_translation_widget_test.dart: switching appLanguageProvider re-renders every label in place, no restart
00:03 +72: C:/Users/erjan/OneDrive/Desktop/ASF mobile app/flutter_app/test/health_translation_widget_test.dart: switching appLanguageProvider re-renders every label in place, no restart
00:03 +73: C:/Users/erjan/OneDrive/Desktop/ASF mobile app/flutter_app/test/health_translation_widget_test.dart: switching appLanguageProvider re-renders every label in place, no restart
00:03 +74: C:/Users/erjan/OneDrive/Desktop/ASF mobile app/flutter_app/test/health_translation_widget_test.dart: switching appLanguageProvider re-renders every label in place, no restart
00:03 +75: C:/Users/erjan/OneDrive/Desktop/ASF mobile app/flutter_app/test/health_translation_widget_test.dart: switching appLanguageProvider re-renders every label in place, no restart
00:03 +76: C:/Users/erjan/OneDrive/Desktop/ASF mobile app/flutter_app/test/health_translation_widget_test.dart: switching appLanguageProvider re-renders every label in place, no restart
00:03 +77: C:/Users/erjan/OneDrive/Desktop/ASF mobile app/flutter_app/test/health_translation_widget_test.dart: switching appLanguageProvider re-renders every label in place, no restart
00:03 +78: C:/Users/erjan/OneDrive/Desktop/ASF mobile app/flutter_app/test/health_translation_widget_test.dart: switching appLanguageProvider re-renders every label in place, no restart
00:03 +79: C:/Users/erjan/OneDrive/Desktop/ASF mobile app/flutter_app/test/health_translation_widget_test.dart: switching appLanguageProvider re-renders every label in place, no restart
00:03 +80: C:/Users/erjan/OneDrive/Desktop/ASF mobile app/flutter_app/test/health_translation_widget_test.dart: switching appLanguageProvider re-renders every label in place, no restart
00:03 +81: C:/Users/erjan/OneDrive/Desktop/ASF mobile app/flutter_app/test/health_translation_widget_test.dart: switching appLanguageProvider re-renders every label in place, no restart
00:03 +82: C:/Users/erjan/OneDrive/Desktop/ASF mobile app/flutter_app/test/health_translation_widget_test.dart: switching appLanguageProvider re-renders every label in place, no restart
00:03 +83: C:/Users/erjan/OneDrive/Desktop/ASF mobile app/flutter_app/test/health_translation_widget_test.dart: switching appLanguageProvider re-renders every label in place, no restart
00:03 +84: C:/Users/erjan/OneDrive/Desktop/ASF mobile app/flutter_app/test/health_translation_widget_test.dart: switching appLanguageProvider re-renders every label in place, no restart
00:03 +85: C:/Users/erjan/OneDrive/Desktop/ASF mobile app/flutter_app/test/health_translation_widget_test.dart: switching appLanguageProvider re-renders every label in place, no restart
00:03 +86: C:/Users/erjan/OneDrive/Desktop/ASF mobile app/flutter_app/test/health_translation_widget_test.dart: switching appLanguageProvider re-renders every label in place, no restart
00:03 +87: C:/Users/erjan/OneDrive/Desktop/ASF mobile app/flutter_app/test/health_translation_widget_test.dart: switching appLanguageProvider re-renders every label in place, no restart
00:03 +88: C:/Users/erjan/OneDrive/Desktop/ASF mobile app/flutter_app/test/health_translation_widget_test.dart: switching appLanguageProvider re-renders every label in place, no restart
00:03 +89: C:/Users/erjan/OneDrive/Desktop/ASF mobile app/flutter_app/test/health_translation_widget_test.dart: switching appLanguageProvider re-renders every label in place, no restart
00:03 +90: C:/Users/erjan/OneDrive/Desktop/ASF mobile app/flutter_app/test/health_translation_widget_test.dart: switching appLanguageProvider re-renders every label in place, no restart
00:03 +91: C:/Users/erjan/OneDrive/Desktop/ASF mobile app/flutter_app/test/health_translation_widget_test.dart: switching appLanguageProvider re-renders every label in place, no restart
00:03 +92: C:/Users/erjan/OneDrive/Desktop/ASF mobile app/flutter_app/test/health_translation_widget_test.dart: switching appLanguageProvider re-renders every label in place, no restart
00:03 +93: C:/Users/erjan/OneDrive/Desktop/ASF mobile app/flutter_app/test/health_translation_widget_test.dart: switching appLanguageProvider re-renders every label in place, no restart
00:03 +94: C:/Users/erjan/OneDrive/Desktop/ASF mobile app/flutter_app/test/health_translation_widget_test.dart: switching appLanguageProvider re-renders every label in place, no restart
00:04 +95: C:/Users/erjan/OneDrive/Desktop/ASF mobile app/flutter_app/test/health_translation_widget_test.dart: switching appLanguageProvider re-renders every label in place, no restart
00:04 +96: C:/Users/erjan/OneDrive/Desktop/ASF mobile app/flutter_app/test/health_translation_widget_test.dart: switching appLanguageProvider re-renders every label in place, no restart
00:04 +97: C:/Users/erjan/OneDrive/Desktop/ASF mobile app/flutter_app/test/health_translation_widget_test.dart: switching appLanguageProvider re-renders every label in place, no restart
00:04 +98: C:/Users/erjan/OneDrive/Desktop/ASF mobile app/flutter_app/test/health_translation_widget_test.dart: switching appLanguageProvider re-renders every label in place, no restart
00:04 +99: C:/Users/erjan/OneDrive/Desktop/ASF mobile app/flutter_app/test/health_translation_widget_test.dart: switching appLanguageProvider re-renders every label in place, no restart
00:04 +100: C:/Users/erjan/OneDrive/Desktop/ASF mobile app/flutter_app/test/health_translation_widget_test.dart: switching appLanguageProvider re-renders every label in place, no restart
00:04 +101: C:/Users/erjan/OneDrive/Desktop/ASF mobile app/flutter_app/test/health_translation_widget_test.dart: switching appLanguageProvider re-renders every label in place, no restart
00:04 +102: C:/Users/erjan/OneDrive/Desktop/ASF mobile app/flutter_app/test/health_translation_widget_test.dart: switching appLanguageProvider re-renders every label in place, no restart
00:04 +103: C:/Users/erjan/OneDrive/Desktop/ASF mobile app/flutter_app/test/health_translation_widget_test.dart: switching appLanguageProvider re-renders every label in place, no restart
00:04 +104: C:/Users/erjan/OneDrive/Desktop/ASF mobile app/flutter_app/test/health_translation_widget_test.dart: switching appLanguageProvider re-renders every label in place, no restart
00:04 +105: C:/Users/erjan/OneDrive/Desktop/ASF mobile app/flutter_app/test/health_translation_widget_test.dart: switching appLanguageProvider re-renders every label in place, no restart
00:04 +106: All tests passed!
----- flutter build apk --release --split-per-abi ----- 
Running Gradle task 'assembleRelease'...                        
Expected to find fonts for (MaterialIcons, packages/cupertino_icons/CupertinoIcons), but found (MaterialIcons). This usually means you are referring to font families in an IconData class but not including them in the assets section of your pubspec.yaml, are missing the package that would include them, or are missing "uses-material-design: true".
Font asset "MaterialIcons-Regular.otf" was tree-shaken, reducing it from 1645184 to 13972 bytes (99.2% reduction). Tree-shaking can be disabled by providing the --no-tree-shake-icons flag when building your app.
Note: Some input files use or override a deprecated API.
Note: Recompile with -Xlint:deprecation for details.
warning: [options] source value 8 is obsolete and will be removed in a future release
warning: [options] target value 8 is obsolete and will be removed in a future release
warning: [options] To suppress warnings about obsolete options, use -Xlint:-options.
3 warnings
Note: C:\Users\erjan\AppData\Local\Pub\Cache\hosted\pub.dev\flutter_image_compress_common-1.1.0\android\src\main\kotlin\com\fluttercandies\flutter_image_compress\exif\ExifKeeper.java uses or overrides a deprecated API.
Note: Recompile with -Xlint:deprecation for details.
Running Gradle task 'assembleRelease'...                          310.4s
√ Built build\app\outputs\flutter-apk\app-armeabi-v7a-release.apk (21.2MB)
√ Built build\app\outputs\flutter-apk\app-arm64-v8a-release.apk (23.2MB)
√ Built build\app\outputs\flutter-apk\app-x86_64-release.apk (24.6MB)
----- flutter build apk --release (universal) ----- 
Running Gradle task 'assembleRelease'...                           79.6s
√ Built build\app\outputs\flutter-apk\app-release.apk (63.6MB)
===== DONE Sun 08/02/2026  2:13:48.98 ===== 
